Archive member included to satisfy reference by file (symbol)

../../spresense-exported-sdk/nuttx/libs/libnuttx.a(c-lib_printf.o)
                              CMakeFiles/hellocpp.dir/main.cpp.obj (printf)
../../spresense-exported-sdk/nuttx/libs/libnuttx.a(c-lib_vfprintf.o)
                              ../../spresense-exported-sdk/nuttx/libs/libnuttx.a(c-lib_printf.o) (vfprintf)
../../spresense-exported-sdk/nuttx/libs/libnuttx.a(arch-cxd56_start.o)
                              (__start)
../../spresense-exported-sdk/nuttx/libs/libnuttx.a(arch-cxd56_uart.o)
                              ../../spresense-exported-sdk/nuttx/libs/libnuttx.a(arch-cxd56_start.o) (cxd56_lowsetup)
../../spresense-exported-sdk/nuttx/libs/libnuttx.a(arch-up_vectors.o)
                              (_vectors)
../../spresense-exported-sdk/nuttx/libs/libnuttx.a(board-cxd56_boot.o)
                              ../../spresense-exported-sdk/nuttx/libs/libnuttx.a(arch-cxd56_start.o) (cxd56_boardinitialize)
../../spresense-exported-sdk/nuttx/libs/libnuttx.a(board-cxd56_main.o)
                              (spresense_main)
../../spresense-exported-sdk/nuttx/libs/libnuttx.a(sched-nx_start.o)
                              ../../spresense-exported-sdk/nuttx/libs/libnuttx.a(arch-cxd56_start.o) (nx_start)
../../spresense-exported-sdk/nuttx/libs/libnuttx.a(sched-sched_getstreams.o)
                              ../../spresense-exported-sdk/nuttx/libs/libnuttx.a(c-lib_printf.o) (sched_getstreams)
../../spresense-exported-sdk/nuttx/libs/libnuttx.a(drivers-syslog_initialize.o)
                              ../../spresense-exported-sdk/nuttx/libs/libnuttx.a(sched-nx_start.o) (syslog_initialize)
../../spresense-exported-sdk/nuttx/libs/libnuttx.a(c-dq_addfirst.o)
                              ../../spresense-exported-sdk/nuttx/libs/libnuttx.a(sched-nx_start.o) (dq_addfirst)
../../spresense-exported-sdk/nuttx/libs/libnuttx.a(c-lib_filesem.o)
                              ../../spresense-exported-sdk/nuttx/libs/libnuttx.a(c-lib_vfprintf.o) (lib_take_semaphore)
../../spresense-exported-sdk/nuttx/libs/libnuttx.a(c-lib_libvsprintf.o)
                              ../../spresense-exported-sdk/nuttx/libs/libnuttx.a(c-lib_vfprintf.o) (lib_vsprintf)
../../spresense-exported-sdk/nuttx/libs/libnuttx.a(c-lib_memset.o)
                              ../../spresense-exported-sdk/nuttx/libs/libnuttx.a(sched-nx_start.o) (memset)
../../spresense-exported-sdk/nuttx/libs/libnuttx.a(c-lib_stdoutstream.o)
                              ../../spresense-exported-sdk/nuttx/libs/libnuttx.a(c-lib_vfprintf.o) (lib_stdoutstream)
../../spresense-exported-sdk/nuttx/libs/libnuttx.a(c-lib_strncpy.o)
                              ../../spresense-exported-sdk/nuttx/libs/libnuttx.a(sched-nx_start.o) (strncpy)
../../spresense-exported-sdk/nuttx/libs/libnuttx.a(c-lib_strnlen.o)
                              ../../spresense-exported-sdk/nuttx/libs/libnuttx.a(c-lib_libvsprintf.o) (strnlen)
../../spresense-exported-sdk/nuttx/libs/libnuttx.a(c-lib_ultoa_invert.o)
                              ../../spresense-exported-sdk/nuttx/libs/libnuttx.a(c-lib_libvsprintf.o) (__ultoa_invert)
../../spresense-exported-sdk/nuttx/libs/libnuttx.a(c-sem_init.o)
                              ../../spresense-exported-sdk/nuttx/libs/libnuttx.a(c-lib_filesem.o) (nxsem_init)
../../spresense-exported-sdk/nuttx/libs/libnuttx.a(mm-umm_initialize.o)
                              ../../spresense-exported-sdk/nuttx/libs/libnuttx.a(sched-nx_start.o) (umm_initialize)
../../spresense-exported-sdk/nuttx/libs/libnuttx.a(arch-cxd56_allocateheap.o)
                              ../../spresense-exported-sdk/nuttx/libs/libnuttx.a(sched-nx_start.o) (up_allocate_heap)
../../spresense-exported-sdk/nuttx/libs/libnuttx.a(arch-cxd56_clock.o)
                              ../../spresense-exported-sdk/nuttx/libs/libnuttx.a(arch-cxd56_uart.o) (cxd56_img_uart_clock_enable)
../../spresense-exported-sdk/nuttx/libs/libnuttx.a(arch-cxd56_delay.o)
                              ../../spresense-exported-sdk/nuttx/libs/libnuttx.a(arch-cxd56_clock.o) (up_udelay)
../../spresense-exported-sdk/nuttx/libs/libnuttx.a(arch-cxd56_idle.o)
                              ../../spresense-exported-sdk/nuttx/libs/libnuttx.a(sched-nx_start.o) (up_idle)
../../spresense-exported-sdk/nuttx/libs/libnuttx.a(arch-cxd56_pinconfig.o)
                              ../../spresense-exported-sdk/nuttx/libs/libnuttx.a(arch-cxd56_uart.o) (cxd56_pin_configs)
../../spresense-exported-sdk/nuttx/libs/libnuttx.a(arch-cxd56_powermgr.o)
                              ../../spresense-exported-sdk/nuttx/libs/libnuttx.a(arch-cxd56_uart.o) (cxd56_pm_register_callback)
../../spresense-exported-sdk/nuttx/libs/libnuttx.a(arch-cxd56_serial.o)
                              ../../spresense-exported-sdk/nuttx/libs/libnuttx.a(arch-cxd56_start.o) (up_earlyserialinit)
../../spresense-exported-sdk/nuttx/libs/libnuttx.a(arch-up_exception.o)
[...]
Memory Configuration

Name             Origin             Length             Attributes
ram              0x000000000d000000 0x0000000000180000 xrw
*default*        0x0000000000000000 0xffffffffffffffff

Linker script and memory map


.text           0x000000000d000000    0x28068
                0x000000000d000000                _stext = ABSOLUTE (.)
 *(.vectors)
 .vectors       0x000000000d000000      0x240 ../../spresense-exported-sdk/nuttx/libs/libnuttx.a(arch-up_vectors.o)
                0x000000000d000000                _vectors
 *(.text .text.*)
 .text          0x000000000d000240       0x24 CMakeFiles/hellocpp.dir/HelloWorld.cpp.obj
                0x000000000d000240                CHelloWorld::CHelloWorld()
                0x000000000d000240                CHelloWorld::CHelloWorld()
                0x000000000d00024c                CHelloWorld::~CHelloWorld()
                0x000000000d00024c                CHelloWorld::~CHelloWorld()
                0x000000000d000250                CHelloWorld::HelloWorld()
 .text          0x000000000d000264       0x1c CMakeFiles/hellocpp.dir/main.cpp.obj
                0x000000000d000264                hellocpp_main
 .text          0x000000000d000280        0x0 ../../spresense-exported-sdk/nuttx/libs/libnuttx.a(c-lib_printf.o)
 .text.printf   0x000000000d000280       0x26 ../../spresense-exported-sdk/nuttx/libs/libnuttx.a(c-lib_printf.o)
                0x000000000d000280                printf
 .text          0x000000000d0002a6        0x0 ../../spresense-exported-sdk/nuttx/libs/libnuttx.a(c-lib_vfprintf.o)
 .text.vfprintf
                0x000000000d0002a6       0x38 ../../spresense-exported-sdk/nuttx/libs/libnuttx.a(c-lib_vfprintf.o)
                0x000000000d0002a6                vfprintf
 .text          0x000000000d0002de        0x0 ../../spresense-exported-sdk/nuttx/libs/libnuttx.a(arch-cxd56_start.o)
 .text.go_nx_start
                0x000000000d0002de       0x24 ../../spresense-exported-sdk/nuttx/libs/libnuttx.a(arch-cxd56_start.o)
 *fill*         0x000000000d000302        0x2 
 .text.fpuconfig
                0x000000000d000304       0x28 ../../spresense-exported-sdk/nuttx/libs/libnuttx.a(arch-cxd56_start.o)
                0x000000000d000304                fpuconfig
 .text.__start  0x000000000d00032c       0x78 ../../spresense-exported-sdk/nuttx/libs/libnuttx.a(arch-cxd56_start.o)
                0x000000000d00032c                __start
 .text          0x000000000d0003a4        0x0 ../../spresense-exported-sdk/nuttx/libs/libnuttx.a(arch-cxd56_uart.o)
 .text.cxd56_uart_stop.constprop.0
                0x000000000d0003a4       0x4c ../../spresense-exported-sdk/nuttx/libs/libnuttx.a(arch-cxd56_uart.o)
 .text.up_lowputc
                0x000000000d0003f0       0x18 ../../spresense-exported-sdk/nuttx/libs/libnuttx.a(arch-cxd56_uart.o)
                0x000000000d0003f0                up_lowputc
 .text.cxd56_uart_reset
                0x000000000d000408       0x44 ../../spresense-exported-sdk/nuttx/libs/libnuttx.a(arch-cxd56_uart.o)
                0x000000000d000408                cxd56_uart_reset
 .text.cxd56_uart_setup
                0x000000000d00044c       0x64 ../../spresense-exported-sdk/nuttx/libs/libnuttx.a(arch-cxd56_uart.o)
                0x000000000d00044c                cxd56_uart_setup
 .text.cxd56_setbaud
                0x000000000d0004b0       0x70 ../../spresense-exported-sdk/nuttx/libs/libnuttx.a(arch-cxd56_uart.o)
                0x000000000d0004b0                cxd56_setbaud
 .text.cxd56_lowsetup
                0x000000000d000520       0x40 ../../spresense-exported-sdk/nuttx/libs/libnuttx.a(arch-cxd56_uart.o)
                0x000000000d000520                cxd56_lowsetup
 .text.cxd56_uart_start.constprop.0
                0x000000000d000560       0x48 ../../spresense-exported-sdk/nuttx/libs/libnuttx.a(arch-cxd56_uart.o)
 .text.cxd56_uart_clockchange
                0x000000000d0005a8       0x30 ../../spresense-exported-sdk/nuttx/libs/libnuttx.a(arch-cxd56_uart.o)
 .text.cxd56_uart_initialize
                0x000000000d0005d8       0x18 ../../spresense-exported-sdk/nuttx/libs/libnuttx.a(arch-cxd56_uart.o)
                0x000000000d0005d8                cxd56_uart_initialize
 .text          0x000000000d0005f0        0x0 ../../spresense-exported-sdk/nuttx/libs/libnuttx.a(arch-up_vectors.o)
 .text          0x000000000d0005f0        0x0 ../../spresense-exported-sdk/nuttx/libs/libnuttx.a(board-cxd56_boot.o)
 .text.cxd56_boardinitialize
                0x000000000d0005f0        0x2 ../../spresense-exported-sdk/nuttx/libs/libnuttx.a(board-cxd56_boot.o)
                0x000000000d0005f0                cxd56_boardinitialize
 .text          0x000000000d0005f2        0x0 ../../spresense-exported-sdk/nuttx/libs/libnuttx.a(board-cxd56_main.o)
 .text.spresense_main
                0x000000000d0005f2        0x4 ../../spresense-exported-sdk/nuttx/libs/libnuttx.a(board-cxd56_main.o)
                0x000000000d0005f2                spresense_main
 .text          0x000000000d0005f6        0x0 ../../spresense-exported-sdk/nuttx/libs/libnuttx.a(sched-nx_start.o)
 *fill*         0x000000000d0005f6        0x2 
 .text.nx_start
                0x000000000d0005f8      0x1b0 ../../spresense-exported-sdk/nuttx/libs/libnuttx.a(sched-nx_start.o)
                0x000000000d0005f8                nx_start
 .text          0x000000000d0007a8        0x0 ../../spresense-exported-sdk/nuttx/libs/libnuttx.a(sched-sched_getstreams.o)
 .text.sched_getstreams
                0x000000000d0007a8       0x10 ../../spresense-exported-sdk/nuttx/libs/libnuttx.a(sched-sched_getstreams.o)
                0x000000000d0007a8                sched_getstreams
 .text          0x000000000d0007b8        0x0 ../../spresense-exported-sdk/nuttx/libs/libnuttx.a(drivers-syslog_initialize.o)
 .text.syslog_initialize
                0x000000000d0007b8        0xc ../../spresense-exported-sdk/nuttx/libs/libnuttx.a(drivers-syslog_initialize.o)
                0x000000000d0007b8                syslog_initialize
 .text          0x000000000d0007c4        0x0 ../../spresense-exported-sdk/nuttx/libs/libnuttx.a(c-dq_addfirst.o)
 .text.dq_addfirst
                0x000000000d0007c4       0x16 ../../spresense-exported-sdk/nuttx/libs/libnuttx.a(c-dq_addfirst.o)
                0x000000000d0007c4                dq_addfirst
 .text          0x000000000d0007da        0x0 ../../spresense-exported-sdk/nuttx/libs/libnuttx.a(c-lib_filesem.o)
 .text.lib_sem_initialize
                0x000000000d0007da       0x1a ../../spresense-exported-sdk/nuttx/libs/libnuttx.a(c-lib_filesem.o)
                0x000000000d0007da                lib_sem_initialize
 .text.lib_take_semaphore
                0x000000000d0007f4       0x2c ../../spresense-exported-sdk/nuttx/libs/libnuttx.a(c-lib_filesem.o)
                0x000000000d0007f4                lib_take_semaphore
 .text.lib_give_semaphore
                0x000000000d000820       0x1c ../../spresense-exported-sdk/nuttx/libs/libnuttx.a(c-lib_filesem.o)
                0x000000000d000820                lib_give_semaphore
 .text          0x000000000d00083c        0x0 ../../spresense-exported-sdk/nuttx/libs/libnuttx.a(c-lib_libvsprintf.o)
 .text.lib_vsprintf
                0x000000000d00083c      0x7f8 ../../spresense-exported-sdk/nuttx/libs/libnuttx.a(c-lib_libvsprintf.o)
                0x000000000d00083c                lib_vsprintf
 .text          0x000000000d001034        0x0 ../../spresense-exported-sdk/nuttx/libs/libnuttx.a(c-lib_memset.o)
 .text.memset   0x000000000d001034       0x10 ../../spresense-exported-sdk/nuttx/libs/libnuttx.a(c-lib_memset.o)
                0x000000000d001034                memset
 .text          0x000000000d001044        0x0 ../../spresense-exported-sdk/nuttx/libs/libnuttx.a(c-lib_stdoutstream.o)
 .text.stdoutstream_flush
                0x000000000d001044        0x8 ../../spresense-exported-sdk/nuttx/libs/libnuttx.a(c-lib_stdoutstream.o)
 .text.stdoutstream_putc
                0x000000000d00104c       0x26 ../../spresense-exported-sdk/nuttx/libs/libnuttx.a(c-lib_stdoutstream.o)
 *fill*         0x000000000d001072        0x2 
 .text.lib_stdoutstream
                0x000000000d001074       0x30 ../../spresense-exported-sdk/nuttx/libs/libnuttx.a(c-lib_stdoutstream.o)
                0x000000000d001074                lib_stdoutstream
 .text          0x000000000d0010a4        0x0 ../../spresense-exported-sdk/nuttx/libs/libnuttx.a(c-lib_strncpy.o)
 .text.strncpy  0x000000000d0010a4       0x24 ../../spresense-exported-sdk/nuttx/libs/libnuttx.a(c-lib_strncpy.o)
                0x000000000d0010a4                strncpy
 .text          0x000000000d0010c8        0x0 ../../spresense-exported-sdk/nuttx/libs/libnuttx.a(c-lib_strnlen.o)
 .text.strnlen  0x000000000d0010c8       0x1a ../../spresense-exported-sdk/nuttx/libs/libnuttx.a(c-lib_strnlen.o)
                0x000000000d0010c8                strnlen
 .text          0x000000000d0010e2        0x0 ../../spresense-exported-sdk/nuttx/libs/libnuttx.a(c-lib_ultoa_invert.o)
 .text.__ultoa_invert
                0x000000000d0010e2       0x58 ../../spresense-exported-sdk/nuttx/libs/libnuttx.a(c-lib_ultoa_invert.o)
                0x000000000d0010e2                __ultoa_invert
 .text          0x000000000d00113a        0x0 ../../spresense-exported-sdk/nuttx/libs/libnuttx.a(c-sem_init.o)
 .text.nxsem_init
                0x000000000d00113a       0x16 ../../spresense-exported-sdk/nuttx/libs/libnuttx.a(c-sem_init.o)
                0x000000000d00113a                nxsem_init
 .text.sem_init
                0x000000000d001150       0x20 ../../spresense-exported-sdk/nuttx/libs/libnuttx.a(c-sem_init.o)
                0x000000000d001150                sem_init
 .text          0x000000000d001170        0x0 ../../spresense-exported-sdk/nuttx/libs/libnuttx.a(mm-umm_initialize.o)
 .text.umm_initialize
                0x000000000d001170       0x10 ../../spresense-exported-sdk/nuttx/libs/libnuttx.a(mm-umm_initialize.o)
                0x000000000d001170                umm_initialize
 .text          0x000000000d001180        0x0 ../../spresense-exported-sdk/nuttx/libs/libnuttx.a(arch-cxd56_allocateheap.o)
 .text.up_allocate_heap
                0x000000000d001180       0x18 ../../spresense-exported-sdk/nuttx/libs/libnuttx.a(arch-cxd56_allocateheap.o)
                0x000000000d001180                up_allocate_heap
 .text          0x000000000d001198        0x0 ../../spresense-exported-sdk/nuttx/libs/libnuttx.a(arch-cxd56_clock.o)
 .text.busy_wait
                0x000000000d001198       0x10 ../../spresense-exported-sdk/nuttx/libs/libnuttx.a(arch-cxd56_clock.o)
 .text.do_power_control
                0x000000000d0011a8       0x34 ../../spresense-exported-sdk/nuttx/libs/libnuttx.a(arch-cxd56_clock.o)
 .text.enable_pwd
                0x000000000d0011dc       0x40 ../../spresense-exported-sdk/nuttx/libs/libnuttx.a(arch-cxd56_clock.o)
 .text.disable_pwd
                0x000000000d00121c       0x30 ../../spresense-exported-sdk/nuttx/libs/libnuttx.a(arch-cxd56_clock.o)
 .text.disable_apwd
                0x000000000d00124c       0x30 ../../spresense-exported-sdk/nuttx/libs/libnuttx.a(arch-cxd56_clock.o)
 .text.cxd56_img_clock_enable
                0x000000000d00127c       0x20 ../../spresense-exported-sdk/nuttx/libs/libnuttx.a(arch-cxd56_clock.o)
 .text.cxd56_scu_clock_ctrl
                0x000000000d00129c       0x54 ../../spresense-exported-sdk/nuttx/libs/libnuttx.a(arch-cxd56_clock.o)
 .text.cxd56_get_clock
                0x000000000d0012f0       0x6c ../../spresense-exported-sdk/nuttx/libs/libnuttx.a(arch-cxd56_clock.o)
 .text.cxd56_img_clock_disable
                0x000000000d00135c       0x44 ../../spresense-exported-sdk/nuttx/libs/libnuttx.a(arch-cxd56_clock.o)
 .text.cxd56_get_suc32k_baseclock
                0x000000000d0013a0       0x28 ../../spresense-exported-sdk/nuttx/libs/libnuttx.a(arch-cxd56_clock.o)
 .text.clock_semgive.constprop.0
                0x000000000d0013c8       0x18 ../../spresense-exported-sdk/nuttx/libs/libnuttx.a(arch-cxd56_clock.o)
 .text.clock_semtake.constprop.0
                0x000000000d0013e0       0x20 ../../spresense-exported-sdk/nuttx/libs/libnuttx.a(arch-cxd56_clock.o)
 .text.cxd56_rcosc_enable
                0x000000000d001400       0x2c ../../spresense-exported-sdk/nuttx/libs/libnuttx.a(arch-cxd56_clock.o)
                0x000000000d001400                cxd56_rcosc_enable
 .text.cxd56_scu_clock_enable.part.0
                0x000000000d00142c       0x5c ../../spresense-exported-sdk/nuttx/libs/libnuttx.a(arch-cxd56_clock.o)
 .text.cxd56_scu_peri_clock_enable
                0x000000000d001488       0x70 ../../spresense-exported-sdk/nuttx/libs/libnuttx.a(arch-cxd56_clock.o)
 .text.cxd56_rcosc_disable
                0x000000000d0014f8        0x6 ../../spresense-exported-sdk/nuttx/libs/libnuttx.a(arch-cxd56_clock.o)
                0x000000000d0014f8                cxd56_rcosc_disable
 *fill*         0x000000000d0014fe        0x2 
 .text.cxd56_xosc_enable
                0x000000000d001500       0x2c ../../spresense-exported-sdk/nuttx/libs/libnuttx.a(arch-cxd56_clock.o)
                0x000000000d001500                cxd56_xosc_enable
 .text.cxd56_xosc_disable
                0x000000000d00152c        0x6 ../../spresense-exported-sdk/nuttx/libs/libnuttx.a(arch-cxd56_clock.o)
                0x000000000d00152c                cxd56_xosc_disable
 *fill*         0x000000000d001532        0x2 
 .text.cxd56_spif_clock_enable
                0x000000000d001534       0x30 ../../spresense-exported-sdk/nuttx/libs/libnuttx.a(arch-cxd56_clock.o)
                0x000000000d001534                cxd56_spif_clock_enable
 .text.cxd56_spif_clock_disable
                0x000000000d001564       0x24 ../../spresense-exported-sdk/nuttx/libs/libnuttx.a(arch-cxd56_clock.o)
                0x000000000d001564                cxd56_spif_clock_disable
 .text.cxd56_cpulist_clock_enable
                0x000000000d001588       0x14 ../../spresense-exported-sdk/nuttx/libs/libnuttx.a(arch-cxd56_clock.o)
                0x000000000d001588                cxd56_cpulist_clock_enable
 .text.cxd56_cpu_clock_enable
                0x000000000d00159c        0xa ../../spresense-exported-sdk/nuttx/libs/libnuttx.a(arch-cxd56_clock.o)
                0x000000000d00159c                cxd56_cpu_clock_enable
 *fill*         0x000000000d0015a6        0x2 
 .text.cxd56_cpulist_clock_disable
                0x000000000d0015a8       0x18 ../../spresense-exported-sdk/nuttx/libs/libnuttx.a(arch-cxd56_clock.o)
                0x000000000d0015a8                cxd56_cpulist_clock_disable
 .text.cxd56_cpu_clock_disable
                0x000000000d0015c0        0xa ../../spresense-exported-sdk/nuttx/libs/libnuttx.a(arch-cxd56_clock.o)
                0x000000000d0015c0                cxd56_cpu_clock_disable
 *fill*         0x000000000d0015ca        0x2 
 .text.cxd56_cpulist_reset
                0x000000000d0015cc       0x34 ../../spresense-exported-sdk/nuttx/libs/libnuttx.a(arch-cxd56_clock.o)
                0x000000000d0015cc                cxd56_cpulist_reset
 .text.cxd56_cpu_reset
                0x000000000d001600        0xa ../../spresense-exported-sdk/nuttx/libs/libnuttx.a(arch-cxd56_clock.o)
                0x000000000d001600                cxd56_cpu_reset
 *fill*         0x000000000d00160a        0x2 
 .text.cxd56_usb_clock_enable
                0x000000000d00160c       0x4c ../../spresense-exported-sdk/nuttx/libs/libnuttx.a(arch-cxd56_clock.o)
                0x000000000d00160c                cxd56_usb_clock_enable
 .text.cxd56_usb_clock_disable
                0x000000000d001658       0x38 ../../spresense-exported-sdk/nuttx/libs/libnuttx.a(arch-cxd56_clock.o)
                0x000000000d001658                cxd56_usb_clock_disable
 .text.cxd56_emmc_clock_enable
                0x000000000d001690       0x90 ../../spresense-exported-sdk/nuttx/libs/libnuttx.a(arch-cxd56_clock.o)
                0x000000000d001690                cxd56_emmc_clock_enable
 .text.cxd56_emmc_clock_disable
                0x000000000d001720       0x30 ../../spresense-exported-sdk/nuttx/libs/libnuttx.a(arch-cxd56_clock.o)
                0x000000000d001720                cxd56_emmc_clock_disable
 .text.cxd56_sdio_clock_enable
                0x000000000d001750       0x44 ../../spresense-exported-sdk/nuttx/libs/libnuttx.a(arch-cxd56_clock.o)
                0x000000000d001750                cxd56_sdio_clock_enable
 .text.cxd56_sdio_clock_disable
                0x000000000d001794       0x30 ../../spresense-exported-sdk/nuttx/libs/libnuttx.a(arch-cxd56_clock.o)
                0x000000000d001794                cxd56_sdio_clock_disable
 .text.cxd56_audio_clock_enable
                0x000000000d0017c4       0x5c ../../spresense-exported-sdk/nuttx/libs/libnuttx.a(arch-cxd56_clock.o)
                0x000000000d0017c4                cxd56_audio_clock_enable
 .text.cxd56_audio_clock_disable
                0x000000000d001820       0x38 ../../spresense-exported-sdk/nuttx/libs/libnuttx.a(arch-cxd56_clock.o)
                0x000000000d001820                cxd56_audio_clock_disable
 .text.cxd56_audio_clock_is_enabled
                0x000000000d001858       0x10 ../../spresense-exported-sdk/nuttx/libs/libnuttx.a(arch-cxd56_clock.o)
                0x000000000d001858                cxd56_audio_clock_is_enabled
 .text.cxd56_spi_clock_enable
                0x000000000d001868       0x60 ../../spresense-exported-sdk/nuttx/libs/libnuttx.a(arch-cxd56_clock.o)
                0x000000000d001868                cxd56_spi_clock_enable
 .text.cxd56_spi_clock_disable
                0x000000000d0018c8       0x6c ../../spresense-exported-sdk/nuttx/libs/libnuttx.a(arch-cxd56_clock.o)
                0x000000000d0018c8                cxd56_spi_clock_disable
 .text.cxd56_spi_clock_gate_enable
                0x000000000d001934       0x14 ../../spresense-exported-sdk/nuttx/libs/libnuttx.a(arch-cxd56_clock.o)
                0x000000000d001934                cxd56_spi_clock_gate_enable
 .text.cxd56_spi_clock_gate_disable
                0x000000000d001948       0x14 ../../spresense-exported-sdk/nuttx/libs/libnuttx.a(arch-cxd56_clock.o)
                0x000000000d001948                cxd56_spi_clock_gate_disable
 .text.cxd56_i2c_clock_enable
                0x000000000d00195c       0x10 ../../spresense-exported-sdk/nuttx/libs/libnuttx.a(arch-cxd56_clock.o)
                0x000000000d00195c                cxd56_i2c_clock_enable
 .text.cxd56_i2c_clock_disable
                0x000000000d00196c       0x38 ../../spresense-exported-sdk/nuttx/libs/libnuttx.a(arch-cxd56_clock.o)
                0x000000000d00196c                cxd56_i2c_clock_disable
 .text.cxd56_i2c_clock_gate_enable
                0x000000000d0019a4       0x14 ../../spresense-exported-sdk/nuttx/libs/libnuttx.a(arch-cxd56_clock.o)
                0x000000000d0019a4                cxd56_i2c_clock_gate_enable
 .text.cxd56_i2c_clock_gate_disable
                0x000000000d0019b8       0x14 ../../spresense-exported-sdk/nuttx/libs/libnuttx.a(arch-cxd56_clock.o)
                0x000000000d0019b8                cxd56_i2c_clock_gate_disable
 .text.cxd56_img_uart_clock_enable
                0x000000000d0019cc       0x30 ../../spresense-exported-sdk/nuttx/libs/libnuttx.a(arch-cxd56_clock.o)
                0x000000000d0019cc                cxd56_img_uart_clock_enable
 .text.cxd56_img_uart_clock_disable
                0x000000000d0019fc       0x28 ../../spresense-exported-sdk/nuttx/libs/libnuttx.a(arch-cxd56_clock.o)
                0x000000000d0019fc                cxd56_img_uart_clock_disable
 .text.cxd56_img_cisif_clock_enable
                0x000000000d001a24       0x28 ../../spresense-exported-sdk/nuttx/libs/libnuttx.a(arch-cxd56_clock.o)
                0x000000000d001a24                cxd56_img_cisif_clock_enable
 .text.cxd56_img_cisif_clock_disable
                0x000000000d001a4c       0x28 ../../spresense-exported-sdk/nuttx/libs/libnuttx.a(arch-cxd56_clock.o)
                0x000000000d001a4c                cxd56_img_cisif_clock_disable
 .text.cxd56_img_ge2d_clock_enable
                0x000000000d001a74       0x28 ../../spresense-exported-sdk/nuttx/libs/libnuttx.a(arch-cxd56_clock.o)
                0x000000000d001a74                cxd56_img_ge2d_clock_enable
 .text.cxd56_img_ge2d_clock_disable
                0x000000000d001a9c       0x28 ../../spresense-exported-sdk/nuttx/libs/libnuttx.a(arch-cxd56_clock.o)
                0x000000000d001a9c                cxd56_img_ge2d_clock_disable
 .text.cxd56_get_sys_baseclock
                0x000000000d001ac4       0x4c ../../spresense-exported-sdk/nuttx/libs/libnuttx.a(arch-cxd56_clock.o)
                0x000000000d001ac4                cxd56_get_sys_baseclock
 .text.cxd56_get_scu_baseclock
                0x000000000d001b10       0x40 ../../spresense-exported-sdk/nuttx/libs/libnuttx.a(arch-cxd56_clock.o)
                0x000000000d001b10                cxd56_get_scu_baseclock
 .text.cxd56_get_appsmp_baseclock
                0x000000000d001b50       0x4c ../../spresense-exported-sdk/nuttx/libs/libnuttx.a(arch-cxd56_clock.o)
                0x000000000d001b50                cxd56_get_appsmp_baseclock
 .text.cxd56_get_cpu_baseclk
                0x000000000d001b9c       0x30 ../../spresense-exported-sdk/nuttx/libs/libnuttx.a(arch-cxd56_clock.o)
                0x000000000d001b9c                cxd56_get_cpu_baseclk
 .text.cxd56_spi_clock_gear_adjust
                0x000000000d001bcc       0x50 ../../spresense-exported-sdk/nuttx/libs/libnuttx.a(arch-cxd56_clock.o)
                0x000000000d001bcc                cxd56_spi_clock_gear_adjust
 .text.cxd56_get_img_uart_baseclock
                0x000000000d001c1c       0x28 ../../spresense-exported-sdk/nuttx/libs/libnuttx.a(arch-cxd56_clock.o)
                0x000000000d001c1c                cxd56_get_img_uart_baseclock
 .text.cxd56_get_com_baseclock
                0x000000000d001c44       0x1c ../../spresense-exported-sdk/nuttx/libs/libnuttx.a(arch-cxd56_clock.o)
                0x000000000d001c44                cxd56_get_com_baseclock
 .text.cxd56_get_sdio_baseclock
                0x000000000d001c60       0x24 ../../spresense-exported-sdk/nuttx/libs/libnuttx.a(arch-cxd56_clock.o)
                0x000000000d001c60                cxd56_get_sdio_baseclock
 .text.cxd56_get_img_spi_baseclock
                0x000000000d001c84       0x28 ../../spresense-exported-sdk/nuttx/libs/libnuttx.a(arch-cxd56_clock.o)
                0x000000000d001c84                cxd56_get_img_spi_baseclock
 .text.cxd56_get_img_wspi_baseclock
                0x000000000d001cac       0x28 ../../spresense-exported-sdk/nuttx/libs/libnuttx.a(arch-cxd56_clock.o)
                0x000000000d001cac                cxd56_get_img_wspi_baseclock
 .text.cxd56_get_spi_baseclock
                0x000000000d001cd4       0x1c ../../spresense-exported-sdk/nuttx/libs/libnuttx.a(arch-cxd56_clock.o)
                0x000000000d001cd4                cxd56_get_spi_baseclock
 .text.cxd56_get_i2c_baseclock
                0x000000000d001cf0        0xa ../../spresense-exported-sdk/nuttx/libs/libnuttx.a(arch-cxd56_clock.o)
                0x000000000d001cf0                cxd56_get_i2c_baseclock
 .text.cxd56_get_pwm_baseclock
                0x000000000d001cfa        0x4 ../../spresense-exported-sdk/nuttx/libs/libnuttx.a(arch-cxd56_clock.o)
                0x000000000d001cfa                cxd56_get_pwm_baseclock
 *fill*         0x000000000d001cfe        0x2 
 .text.cxd56_scu_clock_disable
                0x000000000d001d00       0x70 ../../spresense-exported-sdk/nuttx/libs/libnuttx.a(arch-cxd56_clock.o)
                0x000000000d001d00                cxd56_scu_clock_disable
 .text.cxd56_scuseq_clock_is_enabled
                0x000000000d001d70       0x10 ../../spresense-exported-sdk/nuttx/libs/libnuttx.a(arch-cxd56_clock.o)
                0x000000000d001d70                cxd56_scuseq_clock_is_enabled
 .text.cxd56_scuseq_clock_enable
                0x000000000d001d80       0x28 ../../spresense-exported-sdk/nuttx/libs/libnuttx.a(arch-cxd56_clock.o)
                0x000000000d001d80                cxd56_scuseq_clock_enable
 .text.cxd56_scuseq_release_reset
                0x000000000d001da8       0x2c ../../spresense-exported-sdk/nuttx/libs/libnuttx.a(arch-cxd56_clock.o)
                0x000000000d001da8                cxd56_scuseq_release_reset
 .text.cxd56_scuseq_clock_disable
                0x000000000d001dd4       0x28 ../../spresense-exported-sdk/nuttx/libs/libnuttx.a(arch-cxd56_clock.o)
                0x000000000d001dd4                cxd56_scuseq_clock_disable
 .text.cxd56_udmac_clock_enable
                0x000000000d001dfc       0x10 ../../spresense-exported-sdk/nuttx/libs/libnuttx.a(arch-cxd56_clock.o)
                0x000000000d001dfc                cxd56_udmac_clock_enable
 .text.cxd56_udmac_clock_disable
                0x000000000d001e0c       0x10 ../../spresense-exported-sdk/nuttx/libs/libnuttx.a(arch-cxd56_clock.o)
                0x000000000d001e0c                cxd56_udmac_clock_disable
 .text.cxd56_lpadc_clock_enable
                0x000000000d001e1c        0x2 ../../spresense-exported-sdk/nuttx/libs/libnuttx.a(arch-cxd56_clock.o)
                0x000000000d001e1c                cxd56_lpadc_clock_enable
 .text.cxd56_lpadc_clock_disable
                0x000000000d001e1e        0x2 ../../spresense-exported-sdk/nuttx/libs/libnuttx.a(arch-cxd56_clock.o)
                0x000000000d001e1e                cxd56_lpadc_clock_disable
 .text.cxd56_hpadc_clock_enable
                0x000000000d001e20        0x2 ../../spresense-exported-sdk/nuttx/libs/libnuttx.a(arch-cxd56_clock.o)
                0x000000000d001e20                cxd56_hpadc_clock_enable
 .text.cxd56_hpadc_clock_disable
                0x000000000d001e22        0x2 ../../spresense-exported-sdk/nuttx/libs/libnuttx.a(arch-cxd56_clock.o)
                0x000000000d001e22                cxd56_hpadc_clock_disable
 .text.cxd56_get_xosc_clock
                0x000000000d001e24        0x6 ../../spresense-exported-sdk/nuttx/libs/libnuttx.a(arch-cxd56_clock.o)
                0x000000000d001e24                cxd56_get_xosc_clock
 .text.cxd56_get_rcosc_clock
                0x000000000d001e2a        0x6 ../../spresense-exported-sdk/nuttx/libs/libnuttx.a(arch-cxd56_clock.o)
                0x000000000d001e2a                cxd56_get_rcosc_clock
 .text.cxd56_get_rtc_clock
                0x000000000d001e30        0x6 ../../spresense-exported-sdk/nuttx/libs/libnuttx.a(arch-cxd56_clock.o)
                0x000000000d001e30                cxd56_get_rtc_clock
 .text.cxd56_get_syspll_clock
                0x000000000d001e36        0x6 ../../spresense-exported-sdk/nuttx/libs/libnuttx.a(arch-cxd56_clock.o)
                0x000000000d001e36                cxd56_get_syspll_clock
 .text.cxd56_get_sys_ahb_baseclock
                0x000000000d001e3c       0x1c ../../spresense-exported-sdk/nuttx/libs/libnuttx.a(arch-cxd56_clock.o)
                0x000000000d001e3c                cxd56_get_sys_ahb_baseclock
 .text.cxd56_get_sys_apb_baseclock
                0x000000000d001e58       0x1c ../../spresense-exported-sdk/nuttx/libs/libnuttx.a(arch-cxd56_clock.o)
                0x000000000d001e58                cxd56_get_sys_apb_baseclock
 .text.cxd56_get_sys_sfc_baseclock
                0x000000000d001e74       0x2c ../../spresense-exported-sdk/nuttx/libs/libnuttx.a(arch-cxd56_clock.o)
                0x000000000d001e74                cxd56_get_sys_sfc_baseclock
 .text.cxd56_get_hpadc_baseclock
                0x000000000d001ea0       0x18 ../../spresense-exported-sdk/nuttx/libs/libnuttx.a(arch-cxd56_clock.o)
                0x000000000d001ea0                cxd56_get_hpadc_baseclock
 .text.cxd56_get_lpadc_baseclock
                0x000000000d001eb8       0x18 ../../spresense-exported-sdk/nuttx/libs/libnuttx.a(arch-cxd56_clock.o)
                0x000000000d001eb8                cxd56_get_lpadc_baseclock
 .text.cxd56_get_pmui2c_baseclock
                0x000000000d001ed0       0x28 ../../spresense-exported-sdk/nuttx/libs/libnuttx.a(arch-cxd56_clock.o)
                0x000000000d001ed0                cxd56_get_pmui2c_baseclock
 .text.cxd56_get_gps_cpu_baseclock
                0x000000000d001ef8       0x1c ../../spresense-exported-sdk/nuttx/libs/libnuttx.a(arch-cxd56_clock.o)
                0x000000000d001ef8                cxd56_get_gps_cpu_baseclock
 .text.cxd56_get_gps_ahb_baseclock
                0x000000000d001f14       0x1c ../../spresense-exported-sdk/nuttx/libs/libnuttx.a(arch-cxd56_clock.o)
                0x000000000d001f14                cxd56_get_gps_ahb_baseclock
 .text.cxd56_get_usb_baseclock
                0x000000000d001f30       0x24 ../../spresense-exported-sdk/nuttx/libs/libnuttx.a(arch-cxd56_clock.o)
                0x000000000d001f30                cxd56_get_usb_baseclock
 .text.cxd56_get_img_vsync_baseclock
                0x000000000d001f54       0x20 ../../spresense-exported-sdk/nuttx/libs/libnuttx.a(arch-cxd56_clock.o)
                0x000000000d001f54                cxd56_get_img_vsync_baseclock
 .text.up_pmramctrl
                0x000000000d001f74       0xd0 ../../spresense-exported-sdk/nuttx/libs/libnuttx.a(arch-cxd56_clock.o)
                0x000000000d001f74                up_pmramctrl
 .text          0x000000000d002044        0x0 ../../spresense-exported-sdk/nuttx/libs/libnuttx.a(arch-cxd56_delay.o)
 *fill*         0x000000000d002044        0x4 
 .text.up_mdelay
                0x000000000d002048       0x48 ../../spresense-exported-sdk/nuttx/libs/libnuttx.a(arch-cxd56_delay.o)
                0x000000000d002048                up_mdelay
 .text.up_udelay
                0x000000000d002090       0x78 ../../spresense-exported-sdk/nuttx/libs/libnuttx.a(arch-cxd56_delay.o)
                0x000000000d002090                up_udelay
 .text          0x000000000d002108        0x0 ../../spresense-exported-sdk/nuttx/libs/libnuttx.a(arch-cxd56_idle.o)
 .text.up_idle  0x000000000d002108        0x4 ../../spresense-exported-sdk/nuttx/libs/libnuttx.a(arch-cxd56_idle.o)
                0x000000000d002108                up_idle
 .text          0x000000000d00210c        0x0 ../../spresense-exported-sdk/nuttx/libs/libnuttx.a(arch-cxd56_pinconfig.o)
 .text.get_mode_regaddr
                0x000000000d00210c      0x138 ../../spresense-exported-sdk/nuttx/libs/libnuttx.a(arch-cxd56_pinconfig.o)
 .text.cxd56_pin_configs
                0x000000000d002244       0xd8 ../../spresense-exported-sdk/nuttx/libs/libnuttx.a(arch-cxd56_pinconfig.o)
                0x000000000d002244                cxd56_pin_configs
 .text.cxd56_pin_config
                0x000000000d00231c       0x12 ../../spresense-exported-sdk/nuttx/libs/libnuttx.a(arch-cxd56_pinconfig.o)
                0x000000000d00231c                cxd56_pin_config
 .text.cxd56_pin_status
                0x000000000d00232e       0x76 ../../spresense-exported-sdk/nuttx/libs/libnuttx.a(arch-cxd56_pinconfig.o)
                0x000000000d00232e                cxd56_pin_status
 .text          0x000000000d0023a4        0x0 ../../spresense-exported-sdk/nuttx/libs/libnuttx.a(arch-cxd56_powermgr.o)
 .text.cxd56_pm_semtake
                0x000000000d0023a4       0x16 ../../spresense-exported-sdk/nuttx/libs/libnuttx.a(arch-cxd56_powermgr.o)
 .text.cxd56_pmsendmsg
                0x000000000d0023ba       0x1c ../../spresense-exported-sdk/nuttx/libs/libnuttx.a(arch-cxd56_powermgr.o)
 *fill*         0x000000000d0023d6        0x2 
 .text.cxd56_pm_checkfreqlock
                0x000000000d0023d8       0x44 ../../spresense-exported-sdk/nuttx/libs/libnuttx.a(arch-cxd56_powermgr.o)
 .text.cxd56_pmmsghandler
                0x000000000d00241c       0x44 ../../spresense-exported-sdk/nuttx/libs/libnuttx.a(arch-cxd56_powermgr.o)
 .text.cxd56_pm_needcallback.constprop.0
                0x000000000d002460       0x58 ../../spresense-exported-sdk/nuttx/libs/libnuttx.a(arch-cxd56_powermgr.o)
 .text.cxd56_pm_maintask
                0x000000000d0024b8       0xec ../../spresense-exported-sdk/nuttx/libs/libnuttx.a(arch-cxd56_powermgr.o)
 .text.cxd56_pm_register_callback
                0x000000000d0025a4       0x34 ../../spresense-exported-sdk/nuttx/libs/libnuttx.a(arch-cxd56_powermgr.o)
                0x000000000d0025a4                cxd56_pm_register_callback
 .text.cxd56_pm_unregister_callback
                0x000000000d0025d8       0x2c ../../spresense-exported-sdk/nuttx/libs/libnuttx.a(arch-cxd56_powermgr.o)
                0x000000000d0025d8                cxd56_pm_unregister_callback
 .text.cxd56_pm_bootup
                0x000000000d002604       0x14 ../../spresense-exported-sdk/nuttx/libs/libnuttx.a(arch-cxd56_powermgr.o)
                0x000000000d002604                cxd56_pm_bootup
 .text.up_pm_get_freqlock_count
                0x000000000d002618       0x2c ../../spresense-exported-sdk/nuttx/libs/libnuttx.a(arch-cxd56_powermgr.o)
                0x000000000d002618                up_pm_get_freqlock_count
 .text.up_pm_acquire_wakelock
                0x000000000d002644       0x34 ../../spresense-exported-sdk/nuttx/libs/libnuttx.a(arch-cxd56_powermgr.o)
                0x000000000d002644                up_pm_acquire_wakelock
 .text.up_pm_release_wakelock
                0x000000000d002678       0x38 ../../spresense-exported-sdk/nuttx/libs/libnuttx.a(arch-cxd56_powermgr.o)
                0x000000000d002678                up_pm_release_wakelock
 .text.up_pm_acquire_freqlock
                0x000000000d0026b0       0x54 ../../spresense-exported-sdk/nuttx/libs/libnuttx.a(arch-cxd56_powermgr.o)
                0x000000000d0026b0                up_pm_acquire_freqlock
 .text.up_pm_release_freqlock
                0x000000000d002704       0x58 ../../spresense-exported-sdk/nuttx/libs/libnuttx.a(arch-cxd56_powermgr.o)
                0x000000000d002704                up_pm_release_freqlock
 .text.up_pm_count_acquire_wakelock
                0x000000000d00275c       0x20 ../../spresense-exported-sdk/nuttx/libs/libnuttx.a(arch-cxd56_powermgr.o)
                0x000000000d00275c                up_pm_count_acquire_wakelock
 .text.cxd56_pm_hotsleep
                0x000000000d00277c       0x30 ../../spresense-exported-sdk/nuttx/libs/libnuttx.a(arch-cxd56_powermgr.o)
                0x000000000d00277c                cxd56_pm_hotsleep
 .text.cxd56_pm_initialize
                0x000000000d0027ac       0xb0 ../../spresense-exported-sdk/nuttx/libs/libnuttx.a(arch-cxd56_powermgr.o)
                0x000000000d0027ac                cxd56_pm_initialize
 .text.up_pm_get_bootcause
                0x000000000d00285c        0x8 ../../spresense-exported-sdk/nuttx/libs/libnuttx.a(arch-cxd56_powermgr.o)
                0x000000000d00285c                up_pm_get_bootcause
 .text.up_pm_get_bootmask
                0x000000000d002864        0x8 ../../spresense-exported-sdk/nuttx/libs/libnuttx.a(arch-cxd56_powermgr.o)
                0x000000000d002864                up_pm_get_bootmask
 .text.up_pm_set_bootmask
                0x000000000d00286c       0x44 ../../spresense-exported-sdk/nuttx/libs/libnuttx.a(arch-cxd56_powermgr.o)
                0x000000000d00286c                up_pm_set_bootmask
 .text.up_pm_clr_bootmask
                0x000000000d0028b0       0x5e ../../spresense-exported-sdk/nuttx/libs/libnuttx.a(arch-cxd56_powermgr.o)
                0x000000000d0028b0                up_pm_clr_bootmask
 .text.up_pm_sleep
                0x000000000d00290e       0x1c ../../spresense-exported-sdk/nuttx/libs/libnuttx.a(arch-cxd56_powermgr.o)
                0x000000000d00290e                up_pm_sleep
 .text.up_pm_reboot
                0x000000000d00292a        0xc ../../spresense-exported-sdk/nuttx/libs/libnuttx.a(arch-cxd56_powermgr.o)
                0x000000000d00292a                up_pm_reboot
 .text          0x000000000d002936        0x0 ../../spresense-exported-sdk/nuttx/libs/libnuttx.a(arch-cxd56_serial.o)
 .text.up_receive
                0x000000000d002936       0x10 ../../spresense-exported-sdk/nuttx/libs/libnuttx.a(arch-cxd56_serial.o)
 .text.up_rxint
                0x000000000d002946       0x28 ../../spresense-exported-sdk/nuttx/libs/libnuttx.a(arch-cxd56_serial.o)
 .text.up_rxflowcontrol
                0x000000000d00296e       0x10 ../../spresense-exported-sdk/nuttx/libs/libnuttx.a(arch-cxd56_serial.o)
 .text.up_rxavailable
                0x000000000d00297e       0x10 ../../spresense-exported-sdk/nuttx/libs/libnuttx.a(arch-cxd56_serial.o)
 .text.up_send  0x000000000d00298e        0x8 ../../spresense-exported-sdk/nuttx/libs/libnuttx.a(arch-cxd56_serial.o)
 .text.up_txready
                0x000000000d002996       0x10 ../../spresense-exported-sdk/nuttx/libs/libnuttx.a(arch-cxd56_serial.o)
 .text.up_txempty
                0x000000000d0029a6       0x14 ../../spresense-exported-sdk/nuttx/libs/libnuttx.a(arch-cxd56_serial.o)
 .text.up_txint
                0x000000000d0029ba       0x32 ../../spresense-exported-sdk/nuttx/libs/libnuttx.a(arch-cxd56_serial.o)
 .text.up_set_format
                0x000000000d0029ec       0x9c ../../spresense-exported-sdk/nuttx/libs/libnuttx.a(arch-cxd56_serial.o)
 .text.up_detach
                0x000000000d002a88       0x18 ../../spresense-exported-sdk/nuttx/libs/libnuttx.a(arch-cxd56_serial.o)
 .text.up_attach
                0x000000000d002aa0       0x20 ../../spresense-exported-sdk/nuttx/libs/libnuttx.a(arch-cxd56_serial.o)
 .text.up_interrupt
                0x000000000d002ac0       0x30 ../../spresense-exported-sdk/nuttx/libs/libnuttx.a(arch-cxd56_serial.o)
 .text.up_setup
                0x000000000d002af0       0x78 ../../spresense-exported-sdk/nuttx/libs/libnuttx.a(arch-cxd56_serial.o)
 .text.cxd56_serial2_pm_event
                0x000000000d002b68       0x1c ../../spresense-exported-sdk/nuttx/libs/libnuttx.a(arch-cxd56_serial.o)
 .text.up_shutdown
                0x000000000d002b84       0x48 ../../spresense-exported-sdk/nuttx/libs/libnuttx.a(arch-cxd56_serial.o)
 .text.up_ioctl
                0x000000000d002bcc      0x172 ../../spresense-exported-sdk/nuttx/libs/libnuttx.a(arch-cxd56_serial.o)
 *fill*         0x000000000d002d3e        0x2 
 .text.up_earlyserialinit
                0x000000000d002d40       0x10 ../../spresense-exported-sdk/nuttx/libs/libnuttx.a(arch-cxd56_serial.o)
                0x000000000d002d40                up_earlyserialinit
 .text.up_serialinit
                0x000000000d002d50       0x34 ../../spresense-exported-sdk/nuttx/libs/libnuttx.a(arch-cxd56_serial.o)
                0x000000000d002d50                up_serialinit
 .text.up_putc  0x000000000d002d84       0x60 ../../spresense-exported-sdk/nuttx/libs/libnuttx.a(arch-cxd56_serial.o)
                0x000000000d002d84                up_putc
 .text          0x000000000d002de4       0x7c ../../spresense-exported-sdk/nuttx/libs/libnuttx.a(arch-up_exception.o)
                0x000000000d002de4                exception_common
 .text          0x000000000d002e60        0x0 ../../spresense-exported-sdk/nuttx/libs/libnuttx.a(arch-up_initialize.o)
 .text.up_initialize
                0x000000000d002e60       0x50 ../../spresense-exported-sdk/nuttx/libs/libnuttx.a(arch-up_initialize.o)
                0x000000000d002e60                up_initialize
 .text          0x000000000d002eb0        0x0 ../../spresense-exported-sdk/nuttx/libs/libnuttx.a(arch-up_initialstate.o)
 .text.up_initial_state
                0x000000000d002eb0       0x3c ../../spresense-exported-sdk/nuttx/libs/libnuttx.a(arch-up_initialstate.o)
                0x000000000d002eb0                up_initial_state
 .text          0x000000000d002eec        0x0 ../../spresense-exported-sdk/nuttx/libs/libnuttx.a(arch-up_interruptcontext.o)
 .text.up_interrupt_context
                0x000000000d002eec       0x10 ../../spresense-exported-sdk/nuttx/libs/libnuttx.a(arch-up_interruptcontext.o)
                0x000000000d002eec                up_interrupt_context
 .text          0x000000000d002efc        0x0 ../../spresense-exported-sdk/nuttx/libs/libnuttx.a(arch-up_modifyreg32.o)
 .text.modifyreg32
                0x000000000d002efc       0x1e ../../spresense-exported-sdk/nuttx/libs/libnuttx.a(arch-up_modifyreg32.o)
                0x000000000d002efc                modifyreg32
 .text          0x000000000d002f1a        0x0 ../../spresense-exported-sdk/nuttx/libs/libnuttx.a(net-net_initialize.o)
 .text.net_initialize
                0x000000000d002f1a       0x12 ../../spresense-exported-sdk/nuttx/libs/libnuttx.a(net-net_initialize.o)
                0x000000000d002f1a                net_initialize
 .text          0x000000000d002f2c        0x0 ../../spresense-exported-sdk/nuttx/libs/libnuttx.a(net-net_lock.o)
 .text.net_lockinitialize
                0x000000000d002f2c       0x10 ../../spresense-exported-sdk/nuttx/libs/libnuttx.a(net-net_lock.o)
                0x000000000d002f2c                net_lockinitialize
 .text.net_lock
                0x000000000d002f3c       0x4c ../../spresense-exported-sdk/nuttx/libs/libnuttx.a(net-net_lock.o)
                0x000000000d002f3c                net_lock
 .text.net_unlock
                0x000000000d002f88       0x2c ../../spresense-exported-sdk/nuttx/libs/libnuttx.a(net-net_lock.o)
                0x000000000d002f88                net_unlock
 .text.net_breaklock
                0x000000000d002fb4       0x50 ../../spresense-exported-sdk/nuttx/libs/libnuttx.a(net-net_lock.o)
                0x000000000d002fb4                net_breaklock
 .text.net_restorelock
                0x000000000d003004       0x38 ../../spresense-exported-sdk/nuttx/libs/libnuttx.a(net-net_lock.o)
                0x000000000d003004                net_restorelock
 .text._net_timedwait
                0x000000000d00303c       0x7e ../../spresense-exported-sdk/nuttx/libs/libnuttx.a(net-net_lock.o)
 .text.net_timedwait
                0x000000000d0030ba        0x8 ../../spresense-exported-sdk/nuttx/libs/libnuttx.a(net-net_lock.o)
                0x000000000d0030ba                net_timedwait
 .text.net_lockedwait
                0x000000000d0030c2        0x6 ../../spresense-exported-sdk/nuttx/libs/libnuttx.a(net-net_lock.o)
                0x000000000d0030c2                net_lockedwait
 .text.net_timedwait_uninterruptible
                0x000000000d0030c8        0x8 ../../spresense-exported-sdk/nuttx/libs/libnuttx.a(net-net_lock.o)
                0x000000000d0030c8                net_timedwait_uninterruptible
 .text.net_lockedwait_uninterruptible
                0x000000000d0030d0        0x6 ../../spresense-exported-sdk/nuttx/libs/libnuttx.a(net-net_lock.o)
                0x000000000d0030d0                net_lockedwait_uninterruptible
 .text          0x000000000d0030d6        0x0 ../../spresense-exported-sdk/nuttx/libs/libnuttx.a(net-usrsock_conn.o)
 *fill*         0x000000000d0030d6        0x2 
 .text.usrsock_alloc
                0x000000000d0030d8       0x54 ../../spresense-exported-sdk/nuttx/libs/libnuttx.a(net-usrsock_conn.o)
                0x000000000d0030d8                usrsock_alloc
 .text.usrsock_free
                0x000000000d00312c       0x54 ../../spresense-exported-sdk/nuttx/libs/libnuttx.a(net-usrsock_conn.o)
                0x000000000d00312c                usrsock_free
 .text.usrsock_nextconn
                0x000000000d003180       0x10 ../../spresense-exported-sdk/nuttx/libs/libnuttx.a(net-usrsock_conn.o)
                0x000000000d003180                usrsock_nextconn
 .text.usrsock_connidx
                0x000000000d003190       0x14 ../../spresense-exported-sdk/nuttx/libs/libnuttx.a(net-usrsock_conn.o)
                0x000000000d003190                usrsock_connidx
 .text.usrsock_active
                0x000000000d0031a4       0x16 ../../spresense-exported-sdk/nuttx/libs/libnuttx.a(net-usrsock_conn.o)
                0x000000000d0031a4                usrsock_active
 .text.usrsock_setup_request_callback
                0x000000000d0031ba       0x62 ../../spresense-exported-sdk/nuttx/libs/libnuttx.a(net-usrsock_conn.o)
                0x000000000d0031ba                usrsock_setup_request_callback
 .text.usrsock_setup_data_request_callback
                0x000000000d00321c        0xc ../../spresense-exported-sdk/nuttx/libs/libnuttx.a(net-usrsock_conn.o)
                0x000000000d00321c                usrsock_setup_data_request_callback
 .text.usrsock_teardown_request_callback
                0x000000000d003228       0x2c ../../spresense-exported-sdk/nuttx/libs/libnuttx.a(net-usrsock_conn.o)
                0x000000000d003228                usrsock_teardown_request_callback
 .text.usrsock_setup_datain
                0x000000000d003254       0x22 ../../spresense-exported-sdk/nuttx/libs/libnuttx.a(net-usrsock_conn.o)
                0x000000000d003254                usrsock_setup_datain
 *fill*         0x000000000d003276        0x2 
 .text.usrsock_initialize
                0x000000000d003278       0x60 ../../spresense-exported-sdk/nuttx/libs/libnuttx.a(net-usrsock_conn.o)
                0x000000000d003278                usrsock_initialize
 .text          0x000000000d0032d8        0x0 ../../spresense-exported-sdk/nuttx/libs/libnuttx.a(net-usrsock_dev.o)
 .text.nxsem_wait_uninterruptible
                0x000000000d0032d8       0x16 ../../spresense-exported-sdk/nuttx/libs/libnuttx.a(net-usrsock_dev.o)
 .text.usrsockdev_open
                0x000000000d0032ee       0x24 ../../spresense-exported-sdk/nuttx/libs/libnuttx.a(net-usrsock_dev.o)
 .text.iovec_do
                0x000000000d003312       0xa0 ../../spresense-exported-sdk/nuttx/libs/libnuttx.a(net-usrsock_dev.o)
 *fill*         0x000000000d0033b2        0x2 
 .text.usrsockdev_close
                0x000000000d0033b4       0xbc ../../spresense-exported-sdk/nuttx/libs/libnuttx.a(net-usrsock_dev.o)
 .text.usrsockdev_handle_datareq_response
                0x000000000d003470       0xaa ../../spresense-exported-sdk/nuttx/libs/libnuttx.a(net-usrsock_dev.o)
 .text.usrsockdev_handle_response
                0x000000000d00351a       0x26 ../../spresense-exported-sdk/nuttx/libs/libnuttx.a(net-usrsock_dev.o)
 .text.usrsockdev_write
                0x000000000d003540      0x158 ../../spresense-exported-sdk/nuttx/libs/libnuttx.a(net-usrsock_dev.o)
 .text.usrsockdev_pollnotify.constprop.0
                0x000000000d003698       0x1a ../../spresense-exported-sdk/nuttx/libs/libnuttx.a(net-usrsock_dev.o)
 .text.usrsockdev_poll
                0x000000000d0036b2       0x7a ../../spresense-exported-sdk/nuttx/libs/libnuttx.a(net-usrsock_dev.o)
 .text.usrsockdev_seek
                0x000000000d00372c       0x5a ../../spresense-exported-sdk/nuttx/libs/libnuttx.a(net-usrsock_dev.o)
 .text.usrsockdev_read
                0x000000000d003786       0x52 ../../spresense-exported-sdk/nuttx/libs/libnuttx.a(net-usrsock_dev.o)
 .text.usrsockdev_do_request
                0x000000000d0037d8       0x84 ../../spresense-exported-sdk/nuttx/libs/libnuttx.a(net-usrsock_dev.o)
                0x000000000d0037d8                usrsockdev_do_request
 .text.usrsockdev_register
                0x000000000d00385c       0x54 ../../spresense-exported-sdk/nuttx/libs/libnuttx.a(net-usrsock_dev.o)
                0x000000000d00385c                usrsockdev_register
 .text          0x000000000d0038b0        0x0 ../../spresense-exported-sdk/nuttx/libs/libnuttx.a(net-usrsock_event.o)
 .text.usrsock_event
                0x000000000d0038b0       0x78 ../../spresense-exported-sdk/nuttx/libs/libnuttx.a(net-usrsock_event.o)
                0x000000000d0038b0                usrsock_event
 .text          0x000000000d003928        0x0 ../../spresense-exported-sdk/nuttx/libs/libnuttx.a(fs-fs_initialize.o)
 .text.fs_initialize
                0x000000000d003928        0x4 ../../spresense-exported-sdk/nuttx/libs/libnuttx.a(fs-fs_initialize.o)
                0x000000000d003928                fs_initialize
 .text          0x000000000d00392c        0x0 ../../spresense-exported-sdk/nuttx/libs/libnuttx.a(fs-fs_inode.o)
 .text.inode_initialize
                0x000000000d00392c       0x2c ../../spresense-exported-sdk/nuttx/libs/libnuttx.a(fs-fs_inode.o)
                0x000000000d00392c                inode_initialize
 .text.inode_semtake
                0x000000000d003958       0x38 ../../spresense-exported-sdk/nuttx/libs/libnuttx.a(fs-fs_inode.o)
                0x000000000d003958                inode_semtake
 .text.inode_semgive
                0x000000000d003990       0x24 ../../spresense-exported-sdk/nuttx/libs/libnuttx.a(fs-fs_inode.o)
                0x000000000d003990                inode_semgive
 .text          0x000000000d0039b4        0x0 ../../spresense-exported-sdk/nuttx/libs/libnuttx.a(fs-fs_registerdriver.o)
 .text.register_driver
                0x000000000d0039b4       0x32 ../../spresense-exported-sdk/nuttx/libs/libnuttx.a(fs-fs_registerdriver.o)
                0x000000000d0039b4                register_driver
 .text          0x000000000d0039e6        0x0 ../../spresense-exported-sdk/nuttx/libs/libnuttx.a(fs-mq_open.o)
 *fill*         0x000000000d0039e6        0x2 
 .text.mq_open  0x000000000d0039e8      0x110 ../../spresense-exported-sdk/nuttx/libs/libnuttx.a(fs-mq_open.o)
                0x000000000d0039e8                mq_open
 .text          0x000000000d003af8        0x0 ../../spresense-exported-sdk/nuttx/libs/libnuttx.a(binfmt-binfmt_initialize.o)
 .text.binfmt_initialize
                0x000000000d003af8        0x2 ../../spresense-exported-sdk/nuttx/libs/libnuttx.a(binfmt-binfmt_initialize.o)
                0x000000000d003af8                binfmt_initialize
 .text          0x000000000d003afa        0x0 ../../spresense-exported-sdk/nuttx/libs/libnuttx.a(sched-clock_gettime.o)
 *fill*         0x000000000d003afa        0x2 
 .text.clock_gettime
                0x000000000d003afc       0x90 ../../spresense-exported-sdk/nuttx/libs/libnuttx.a(sched-clock_gettime.o)
                0x000000000d003afc                clock_gettime
 .text          0x000000000d003b8c        0x0 ../../spresense-exported-sdk/nuttx/libs/libnuttx.a(sched-clock_initialize.o)
 .text.clock_basetime
                0x000000000d003b8c        0x4 ../../spresense-exported-sdk/nuttx/libs/libnuttx.a(sched-clock_initialize.o)
                0x000000000d003b8c                clock_basetime
 .text.clock_inittime
                0x000000000d003b90       0x54 ../../spresense-exported-sdk/nuttx/libs/libnuttx.a(sched-clock_initialize.o)
 .text.clock_initialize
                0x000000000d003be4        0xe ../../spresense-exported-sdk/nuttx/libs/libnuttx.a(sched-clock_initialize.o)
                0x000000000d003be4                clock_initialize
 .text.clock_synchronize
                0x000000000d003bf2       0x18 ../../spresense-exported-sdk/nuttx/libs/libnuttx.a(sched-clock_initialize.o)
                0x000000000d003bf2                clock_synchronize
 *fill*         0x000000000d003c0a        0x2 
 .text.clock_resynchronize
                0x000000000d003c0c       0xdc ../../spresense-exported-sdk/nuttx/libs/libnuttx.a(sched-clock_initialize.o)
                0x000000000d003c0c                clock_resynchronize
 .text.clock_timer
                0x000000000d003ce8       0x10 ../../spresense-exported-sdk/nuttx/libs/libnuttx.a(sched-clock_initialize.o)
                0x000000000d003ce8                clock_timer
 .text          0x000000000d003cf8        0x0 ../../spresense-exported-sdk/nuttx/libs/libnuttx.a(sched-clock_systimespec.o)
 .text.clock_systimespec
                0x000000000d003cf8       0x94 ../../spresense-exported-sdk/nuttx/libs/libnuttx.a(sched-clock_systimespec.o)
                0x000000000d003cf8                clock_systimespec
 .text          0x000000000d003d8c        0x0 ../../spresense-exported-sdk/nuttx/libs/libnuttx.a(sched-clock_ticks2time.o)
 .text.clock_ticks2time
                0x000000000d003d8c       0x1c ../../spresense-exported-sdk/nuttx/libs/libnuttx.a(sched-clock_ticks2time.o)
                0x000000000d003d8c                clock_ticks2time
 .text          0x000000000d003da8        0x0 ../../spresense-exported-sdk/nuttx/libs/libnuttx.a(sched-errno_getptr.o)
 .text.get_errno_ptr
                0x000000000d003da8       0x24 ../../spresense-exported-sdk/nuttx/libs/libnuttx.a(sched-errno_getptr.o)
                0x000000000d003da8                get_errno_ptr
 .text          0x000000000d003dcc        0x0 ../../spresense-exported-sdk/nuttx/libs/libnuttx.a(sched-group_create.o)
 .text.group_allocate
                0x000000000d003dcc       0x94 ../../spresense-exported-sdk/nuttx/libs/libnuttx.a(sched-group_create.o)
                0x000000000d003dcc                group_allocate
 .text.group_initialize
                0x000000000d003e60       0x54 ../../spresense-exported-sdk/nuttx/libs/libnuttx.a(sched-group_create.o)
                0x000000000d003e60                group_initialize
 .text          0x000000000d003eb4        0x0 ../../spresense-exported-sdk/nuttx/libs/libnuttx.a(sched-group_find.o)
 .text.group_findby_grpid
                0x000000000d003eb4       0x2c ../../spresense-exported-sdk/nuttx/libs/libnuttx.a(sched-group_find.o)
                0x000000000d003eb4                group_findby_grpid
 .text.group_findbypid
                0x000000000d003ee0       0x2c ../../spresense-exported-sdk/nuttx/libs/libnuttx.a(sched-group_find.o)
                0x000000000d003ee0                group_findbypid
 .text          0x000000000d003f0c        0x0 ../../spresense-exported-sdk/nuttx/libs/libnuttx.a(sched-group_setupidlefiles.o)
 .text.group_setupidlefiles
                0x000000000d003f0c       0x4c ../../spresense-exported-sdk/nuttx/libs/libnuttx.a(sched-group_setupidlefiles.o)
                0x000000000d003f0c                group_setupidlefiles
 .text          0x000000000d003f58        0x0 ../../spresense-exported-sdk/nuttx/libs/libnuttx.a(sched-group_setupstreams.o)
 .text.group_setupstreams
                0x000000000d003f58       0x32 ../../spresense-exported-sdk/nuttx/libs/libnuttx.a(sched-group_setupstreams.o)
                0x000000000d003f58                group_setupstreams
 .text          0x000000000d003f8a        0x0 ../../spresense-exported-sdk/nuttx/libs/libnuttx.a(sched-irq_attach.o)
 *fill*         0x000000000d003f8a        0x2 
 .text.irq_attach
                0x000000000d003f8c       0x44 ../../spresense-exported-sdk/nuttx/libs/libnuttx.a(sched-irq_attach.o)
                0x000000000d003f8c                irq_attach
 .text          0x000000000d003fd0        0x0 ../../spresense-exported-sdk/nuttx/libs/libnuttx.a(sched-irq_initialize.o)
 .text.irq_initialize
                0x000000000d003fd0       0x20 ../../spresense-exported-sdk/nuttx/libs/libnuttx.a(sched-irq_initialize.o)
                0x000000000d003fd0                irq_initialize
 .text          0x000000000d003ff0        0x0 ../../spresense-exported-sdk/nuttx/libs/libnuttx.a(sched-irq_unexpectedisr.o)
 .text.irq_unexpected_isr
                0x000000000d003ff0       0x18 ../../spresense-exported-sdk/nuttx/libs/libnuttx.a(sched-irq_unexpectedisr.o)
                0x000000000d003ff0                irq_unexpected_isr
 .text          0x000000000d004008        0x0 ../../spresense-exported-sdk/nuttx/libs/libnuttx.a(sched-mq_descreate.o)
 .text.nxmq_create_des
                0x000000000d004008       0x48 ../../spresense-exported-sdk/nuttx/libs/libnuttx.a(sched-mq_descreate.o)
                0x000000000d004008                nxmq_create_des
 .text          0x000000000d004050        0x0 ../../spresense-exported-sdk/nuttx/libs/libnuttx.a(sched-mq_initialize.o)
 .text.nxmq_alloc_desblock
                0x000000000d004050       0x34 ../../spresense-exported-sdk/nuttx/libs/libnuttx.a(sched-mq_initialize.o)
                0x000000000d004050                nxmq_alloc_desblock
 .text.nxmq_initialize
                0x000000000d004084       0x6c ../../spresense-exported-sdk/nuttx/libs/libnuttx.a(sched-mq_initialize.o)
                0x000000000d004084                nxmq_initialize
 .text          0x000000000d0040f0        0x0 ../../spresense-exported-sdk/nuttx/libs/libnuttx.a(sched-mq_msgqalloc.o)
 .text.nxmq_alloc_msgq
                0x000000000d0040f0       0x3a ../../spresense-exported-sdk/nuttx/libs/libnuttx.a(sched-mq_msgqalloc.o)
                0x000000000d0040f0                nxmq_alloc_msgq
 .text          0x000000000d00412a        0x0 ../../spresense-exported-sdk/nuttx/libs/libnuttx.a(sched-mq_msgqfree.o)
 .text.nxmq_free_msgq
                0x000000000d00412a       0x1c ../../spresense-exported-sdk/nuttx/libs/libnuttx.a(sched-mq_msgqfree.o)
                0x000000000d00412a                nxmq_free_msgq
 .text          0x000000000d004146        0x0 ../../spresense-exported-sdk/nuttx/libs/libnuttx.a(sched-mq_receive.o)
 .text.nxmq_receive
                0x000000000d004146       0x50 ../../spresense-exported-sdk/nuttx/libs/libnuttx.a(sched-mq_receive.o)
                0x000000000d004146                nxmq_receive
 .text.mq_receive
                0x000000000d004196       0x1a ../../spresense-exported-sdk/nuttx/libs/libnuttx.a(sched-mq_receive.o)
                0x000000000d004196                mq_receive
 .text          0x000000000d0041b0        0x0 ../../spresense-exported-sdk/nuttx/libs/libnuttx.a(sched-mq_send.o)
 .text.nxmq_send
                0x000000000d0041b0       0x78 ../../spresense-exported-sdk/nuttx/libs/libnuttx.a(sched-mq_send.o)
                0x000000000d0041b0                nxmq_send
 .text.mq_send  0x000000000d004228       0x1a ../../spresense-exported-sdk/nuttx/libs/libnuttx.a(sched-mq_send.o)
                0x000000000d004228                mq_send
 .text          0x000000000d004242        0x0 ../../spresense-exported-sdk/nuttx/libs/libnuttx.a(sched-mq_sndinternal.o)
 .text.nxmq_verify_send
                0x000000000d004242       0x2a ../../spresense-exported-sdk/nuttx/libs/libnuttx.a(sched-mq_sndinternal.o)
                0x000000000d004242                nxmq_verify_send
 .text.nxmq_alloc_msg
                0x000000000d00426c       0x48 ../../spresense-exported-sdk/nuttx/libs/libnuttx.a(sched-mq_sndinternal.o)
                0x000000000d00426c                nxmq_alloc_msg
 .text.nxmq_wait_send
                0x000000000d0042b4       0x5c ../../spresense-exported-sdk/nuttx/libs/libnuttx.a(sched-mq_sndinternal.o)
                0x000000000d0042b4                nxmq_wait_send
 .text.nxmq_do_send
                0x000000000d004310       0xe4 ../../spresense-exported-sdk/nuttx/libs/libnuttx.a(sched-mq_sndinternal.o)
                0x000000000d004310                nxmq_do_send
 .text          0x000000000d0043f4        0x0 ../../spresense-exported-sdk/nuttx/libs/libnuttx.a(sched-nx_bringup.o)
 .text.nx_start_task
                0x000000000d0043f4       0x28 ../../spresense-exported-sdk/nuttx/libs/libnuttx.a(sched-nx_bringup.o)
 .text.nx_bringup
                0x000000000d00441c       0x2c ../../spresense-exported-sdk/nuttx/libs/libnuttx.a(sched-nx_bringup.o)
                0x000000000d00441c                nx_bringup
 .text          0x000000000d004448        0x0 ../../spresense-exported-sdk/nuttx/libs/libnuttx.a(sched-sched_free.o)
 .text.sched_signal_free
                0x000000000d004448        0x6 ../../spresense-exported-sdk/nuttx/libs/libnuttx.a(sched-sched_free.o)
                0x000000000d004448                sched_signal_free
 *fill*         0x000000000d00444e        0x2 
 .text.sched_ufree
                0x000000000d004450       0x44 ../../spresense-exported-sdk/nuttx/libs/libnuttx.a(sched-sched_free.o)
                0x000000000d004450                sched_ufree
 .text          0x000000000d004494        0x0 ../../spresense-exported-sdk/nuttx/libs/libnuttx.a(sched-sched_lock.o)
 .text.sched_lock
                0x000000000d004494       0x1c ../../spresense-exported-sdk/nuttx/libs/libnuttx.a(sched-sched_lock.o)
                0x000000000d004494                sched_lock
 .text          0x000000000d0044b0        0x0 ../../spresense-exported-sdk/nuttx/libs/libnuttx.a(sched-sched_self.o)
 .text.sched_self
                0x000000000d0044b0        0xc ../../spresense-exported-sdk/nuttx/libs/libnuttx.a(sched-sched_self.o)
                0x000000000d0044b0                sched_self
 .text          0x000000000d0044bc        0x0 ../../spresense-exported-sdk/nuttx/libs/libnuttx.a(sched-sched_unlock.o)
 .text.sched_unlock
                0x000000000d0044bc       0x68 ../../spresense-exported-sdk/nuttx/libs/libnuttx.a(sched-sched_unlock.o)
                0x000000000d0044bc                sched_unlock
 .text          0x000000000d004524        0x0 ../../spresense-exported-sdk/nuttx/libs/libnuttx.a(sched-sem_destroy.o)
 .text.nxsem_destroy
                0x000000000d004524       0x16 ../../spresense-exported-sdk/nuttx/libs/libnuttx.a(sched-sem_destroy.o)
                0x000000000d004524                nxsem_destroy
 .text.sem_destroy
                0x000000000d00453a       0x1a ../../spresense-exported-sdk/nuttx/libs/libnuttx.a(sched-sem_destroy.o)
                0x000000000d00453a                sem_destroy
 .text          0x000000000d004554        0x0 ../../spresense-exported-sdk/nuttx/libs/libnuttx.a(sched-sem_post.o)
 .text.nxsem_post
                0x000000000d004554       0x48 ../../spresense-exported-sdk/nuttx/libs/libnuttx.a(sched-sem_post.o)
                0x000000000d004554                nxsem_post
 .text.sem_post
                0x000000000d00459c       0x1a ../../spresense-exported-sdk/nuttx/libs/libnuttx.a(sched-sem_post.o)
                0x000000000d00459c                sem_post
 .text          0x000000000d0045b6        0x0 ../../spresense-exported-sdk/nuttx/libs/libnuttx.a(sched-sem_timedwait.o)
 *fill*         0x000000000d0045b6        0x2 
 .text.nxsem_timedwait
                0x000000000d0045b8       0xa4 ../../spresense-exported-sdk/nuttx/libs/libnuttx.a(sched-sem_timedwait.o)
                0x000000000d0045b8                nxsem_timedwait
 .text.sem_timedwait
                0x000000000d00465c       0x1a ../../spresense-exported-sdk/nuttx/libs/libnuttx.a(sched-sem_timedwait.o)
                0x000000000d00465c                sem_timedwait
 .text          0x000000000d004676        0x0 ../../spresense-exported-sdk/nuttx/libs/libnuttx.a(sched-sem_timeout.o)
 .text.nxsem_timeout
                0x000000000d004676       0x28 ../../spresense-exported-sdk/nuttx/libs/libnuttx.a(sched-sem_timeout.o)
                0x000000000d004676                nxsem_timeout
 .text          0x000000000d00469e        0x0 ../../spresense-exported-sdk/nuttx/libs/libnuttx.a(sched-sem_trywait.o)
 *fill*         0x000000000d00469e        0x2 
 .text.nxsem_trywait
                0x000000000d0046a0       0x40 ../../spresense-exported-sdk/nuttx/libs/libnuttx.a(sched-sem_trywait.o)
                0x000000000d0046a0                nxsem_trywait
 .text.sem_trywait
                0x000000000d0046e0       0x1a ../../spresense-exported-sdk/nuttx/libs/libnuttx.a(sched-sem_trywait.o)
                0x000000000d0046e0                sem_trywait
 .text          0x000000000d0046fa        0x0 ../../spresense-exported-sdk/nuttx/libs/libnuttx.a(sched-sem_waitirq.o)
 .text.nxsem_wait_irq
                0x000000000d0046fa       0x2e ../../spresense-exported-sdk/nuttx/libs/libnuttx.a(sched-sem_waitirq.o)
                0x000000000d0046fa                nxsem_wait_irq
 .text          0x000000000d004728        0x0 ../../spresense-exported-sdk/nuttx/libs/libnuttx.a(sched-sem_wait.o)
 .text.nxsem_wait
                0x000000000d004728       0x54 ../../spresense-exported-sdk/nuttx/libs/libnuttx.a(sched-sem_wait.o)
                0x000000000d004728                nxsem_wait
 .text.sem_wait
                0x000000000d00477c       0x1c ../../spresense-exported-sdk/nuttx/libs/libnuttx.a(sched-sem_wait.o)
                0x000000000d00477c                sem_wait
 .text          0x000000000d004798        0x0 ../../spresense-exported-sdk/nuttx/libs/libnuttx.a(sched-sig_notification.o)
 .text.nxsig_notification
                0x000000000d004798       0x50 ../../spresense-exported-sdk/nuttx/libs/libnuttx.a(sched-sig_notification.o)
                0x000000000d004798                nxsig_notification
 .text          0x000000000d0047e8        0x0 ../../spresense-exported-sdk/nuttx/libs/libnuttx.a(sched-task_create.o)
 .text.nxthread_create
                0x000000000d0047e8       0xa0 ../../spresense-exported-sdk/nuttx/libs/libnuttx.a(sched-task_create.o)
 .text.nxtask_create
                0x000000000d004888       0x16 ../../spresense-exported-sdk/nuttx/libs/libnuttx.a(sched-task_create.o)
                0x000000000d004888                nxtask_create
 .text.task_create
                0x000000000d00489e       0x20 ../../spresense-exported-sdk/nuttx/libs/libnuttx.a(sched-task_create.o)
                0x000000000d00489e                task_create
 .text.kthread_create
                0x000000000d0048be       0x16 ../../spresense-exported-sdk/nuttx/libs/libnuttx.a(sched-task_create.o)
                0x000000000d0048be                kthread_create
 .text          0x000000000d0048d4        0x0 ../../spresense-exported-sdk/nuttx/libs/libnuttx.a(sched-task_getpid.o)
 .text.getpid   0x000000000d0048d4       0x1c ../../spresense-exported-sdk/nuttx/libs/libnuttx.a(sched-task_getpid.o)
                0x000000000d0048d4                getpid
 .text          0x000000000d0048f0        0x0 ../../spresense-exported-sdk/nuttx/libs/libnuttx.a(sched-task_setup.o)
 .text.nxtask_assignpid
                0x000000000d0048f0       0x58 ../../spresense-exported-sdk/nuttx/libs/libnuttx.a(sched-task_setup.o)
 .text.nxthread_schedsetup.part.0
                0x000000000d004948       0x9c ../../spresense-exported-sdk/nuttx/libs/libnuttx.a(sched-task_setup.o)
 .text.nxtask_schedsetup
                0x000000000d0049e4       0x2c ../../spresense-exported-sdk/nuttx/libs/libnuttx.a(sched-task_setup.o)
                0x000000000d0049e4                nxtask_schedsetup
 .text.pthread_schedsetup
                0x000000000d004a10       0x2a ../../spresense-exported-sdk/nuttx/libs/libnuttx.a(sched-task_setup.o)
                0x000000000d004a10                pthread_schedsetup
 *fill*         0x000000000d004a3a        0x2 
 .text.nxtask_argsetup
                0x000000000d004a3c       0xd0 ../../spresense-exported-sdk/nuttx/libs/libnuttx.a(sched-task_setup.o)
                0x000000000d004a3c                nxtask_argsetup
 .text          0x000000000d004b0c        0x0 ../../spresense-exported-sdk/nuttx/libs/libnuttx.a(sched-task_start.o)
 .text.nxtask_start
                0x000000000d004b0c       0x2c ../../spresense-exported-sdk/nuttx/libs/libnuttx.a(sched-task_start.o)
                0x000000000d004b0c                nxtask_start
 .text          0x000000000d004b38        0x0 ../../spresense-exported-sdk/nuttx/libs/libnuttx.a(sched-wd_cancel.o)
 .text.wd_cancel
                0x000000000d004b38       0x68 ../../spresense-exported-sdk/nuttx/libs/libnuttx.a(sched-wd_cancel.o)
                0x000000000d004b38                wd_cancel
 .text          0x000000000d004ba0        0x0 ../../spresense-exported-sdk/nuttx/libs/libnuttx.a(sched-wd_create.o)
 .text.wd_create
                0x000000000d004ba0       0x5c ../../spresense-exported-sdk/nuttx/libs/libnuttx.a(sched-wd_create.o)
                0x000000000d004ba0                wd_create
 .text          0x000000000d004bfc        0x0 ../../spresense-exported-sdk/nuttx/libs/libnuttx.a(sched-wd_delete.o)
 .text.wd_delete
                0x000000000d004bfc       0x50 ../../spresense-exported-sdk/nuttx/libs/libnuttx.a(sched-wd_delete.o)
                0x000000000d004bfc                wd_delete
 .text          0x000000000d004c4c        0x0 ../../spresense-exported-sdk/nuttx/libs/libnuttx.a(sched-wd_initialize.o)
 .text.wd_initialize
                0x000000000d004c4c       0x3c ../../spresense-exported-sdk/nuttx/libs/libnuttx.a(sched-wd_initialize.o)
                0x000000000d004c4c                wd_initialize
 .text          0x000000000d004c88        0x0 ../../spresense-exported-sdk/nuttx/libs/libnuttx.a(sched-wd_start.o)
 .text.wd_start
                0x000000000d004c88       0xd8 ../../spresense-exported-sdk/nuttx/libs/libnuttx.a(sched-wd_start.o)
                0x000000000d004c88                wd_start
 .text.wd_timer
                0x000000000d004d60       0x4c ../../spresense-exported-sdk/nuttx/libs/libnuttx.a(sched-wd_start.o)
                0x000000000d004d60                wd_timer
 .text          0x000000000d004dac        0x0 ../../spresense-exported-sdk/nuttx/libs/libnuttx.a(drivers-dev_null.o)
 .text.devnull_read
                0x000000000d004dac        0x4 ../../spresense-exported-sdk/nuttx/libs/libnuttx.a(drivers-dev_null.o)
 .text.devnull_write
                0x000000000d004db0        0x4 ../../spresense-exported-sdk/nuttx/libs/libnuttx.a(drivers-dev_null.o)
 .text.devnull_poll
                0x000000000d004db4       0x1c ../../spresense-exported-sdk/nuttx/libs/libnuttx.a(drivers-dev_null.o)
 .text.devnull_register
                0x000000000d004dd0       0x18 ../../spresense-exported-sdk/nuttx/libs/libnuttx.a(drivers-dev_null.o)
                0x000000000d004dd0                devnull_register
 .text          0x000000000d004de8        0x0 ../../spresense-exported-sdk/nuttx/libs/libnuttx.a(drivers-serial_io.o)
 .text.uart_xmitchars
                0x000000000d004de8       0x6e ../../spresense-exported-sdk/nuttx/libs/libnuttx.a(drivers-serial_io.o)
                0x000000000d004de8                uart_xmitchars
 .text.uart_recvchars
                0x000000000d004e56       0x80 ../../spresense-exported-sdk/nuttx/libs/libnuttx.a(drivers-serial_io.o)
                0x000000000d004e56                uart_recvchars
 .text          0x000000000d004ed6        0x0 ../../spresense-exported-sdk/nuttx/libs/libnuttx.a(drivers-serial.o)
 .text.uart_putc
                0x000000000d004ed6       0x22 ../../spresense-exported-sdk/nuttx/libs/libnuttx.a(drivers-serial.o)
 .text.nxsem_wait_uninterruptible
                0x000000000d004ef8       0x16 ../../spresense-exported-sdk/nuttx/libs/libnuttx.a(drivers-serial.o)
 .text.uart_putxmitchar
                0x000000000d004f0e       0xa2 ../../spresense-exported-sdk/nuttx/libs/libnuttx.a(drivers-serial.o)
 .text.uart_read
                0x000000000d004fb0      0x12c ../../spresense-exported-sdk/nuttx/libs/libnuttx.a(drivers-serial.o)
 .text.uart_open
                0x000000000d0050dc       0x8a ../../spresense-exported-sdk/nuttx/libs/libnuttx.a(drivers-serial.o)
 .text.uart_pollnotify
                0x000000000d005166       0x54 ../../spresense-exported-sdk/nuttx/libs/libnuttx.a(drivers-serial.o)
 .text.uart_poll
                0x000000000d0051ba       0xd8 ../../spresense-exported-sdk/nuttx/libs/libnuttx.a(drivers-serial.o)
 *fill*         0x000000000d005292        0x2 
 .text.uart_tcdrain
                0x000000000d005294       0xb4 ../../spresense-exported-sdk/nuttx/libs/libnuttx.a(drivers-serial.o)
 .text.uart_write
                0x000000000d005348      0x11a ../../spresense-exported-sdk/nuttx/libs/libnuttx.a(drivers-serial.o)
 *fill*         0x000000000d005462        0x2 
 .text.uart_register
                0x000000000d005464       0x8c ../../spresense-exported-sdk/nuttx/libs/libnuttx.a(drivers-serial.o)
                0x000000000d005464                uart_register
 .text.uart_datareceived
                0x000000000d0054f0       0x1e ../../spresense-exported-sdk/nuttx/libs/libnuttx.a(drivers-serial.o)
                0x000000000d0054f0                uart_datareceived
 .text.uart_datasent
                0x000000000d00550e       0x1e ../../spresense-exported-sdk/nuttx/libs/libnuttx.a(drivers-serial.o)
                0x000000000d00550e                uart_datasent
 .text.uart_ioctl
                0x000000000d00552c      0x15c ../../spresense-exported-sdk/nuttx/libs/libnuttx.a(drivers-serial.o)
 .text.uart_connected
                0x000000000d005688       0x46 ../../spresense-exported-sdk/nuttx/libs/libnuttx.a(drivers-serial.o)
                0x000000000d005688                uart_connected
 .text.uart_reset_sem
                0x000000000d0056ce       0x38 ../../spresense-exported-sdk/nuttx/libs/libnuttx.a(drivers-serial.o)
                0x000000000d0056ce                uart_reset_sem
 .text.uart_close
                0x000000000d005706       0x6e ../../spresense-exported-sdk/nuttx/libs/libnuttx.a(drivers-serial.o)
 .text          0x000000000d005774        0x0 ../../spresense-exported-sdk/nuttx/libs/libnuttx.a(drivers-syslog_consolechannel.o)
 .text.syslog_console_channel
                0x000000000d005774       0x28 ../../spresense-exported-sdk/nuttx/libs/libnuttx.a(drivers-syslog_consolechannel.o)
                0x000000000d005774                syslog_console_channel
 .text          0x000000000d00579c        0x0 ../../spresense-exported-sdk/nuttx/libs/libnuttx.a(drivers-syslog_device.o)
 .text.syslog_dev_takesem
                0x000000000d00579c       0x2c ../../spresense-exported-sdk/nuttx/libs/libnuttx.a(drivers-syslog_device.o)
 .text.syslog_dev_initialize
                0x000000000d0057c8       0x68 ../../spresense-exported-sdk/nuttx/libs/libnuttx.a(drivers-syslog_device.o)
                0x000000000d0057c8                syslog_dev_initialize
 .text.syslog_dev_outputready
                0x000000000d005830       0x60 ../../spresense-exported-sdk/nuttx/libs/libnuttx.a(drivers-syslog_device.o)
 .text.syslog_dev_write
                0x000000000d005890       0xc4 ../../spresense-exported-sdk/nuttx/libs/libnuttx.a(drivers-syslog_device.o)
                0x000000000d005890                syslog_dev_write
 .text.syslog_dev_putc
                0x000000000d005954       0x60 ../../spresense-exported-sdk/nuttx/libs/libnuttx.a(drivers-syslog_device.o)
                0x000000000d005954                syslog_dev_putc
 .text.syslog_dev_flush
                0x000000000d0059b4        0x4 ../../spresense-exported-sdk/nuttx/libs/libnuttx.a(drivers-syslog_device.o)
                0x000000000d0059b4                syslog_dev_flush
 .text          0x000000000d0059b8        0x0 ../../spresense-exported-sdk/nuttx/libs/libnuttx.a(c-dq_addlast.o)
 .text.dq_addlast
                0x000000000d0059b8       0x16 ../../spresense-exported-sdk/nuttx/libs/libnuttx.a(c-dq_addlast.o)
                0x000000000d0059b8                dq_addlast
 .text          0x000000000d0059ce        0x0 ../../spresense-exported-sdk/nuttx/libs/libnuttx.a(c-dq_remfirst.o)
 .text.dq_remfirst
                0x000000000d0059ce       0x1c ../../spresense-exported-sdk/nuttx/libs/libnuttx.a(c-dq_remfirst.o)
                0x000000000d0059ce                dq_remfirst
 .text          0x000000000d0059ea        0x0 ../../spresense-exported-sdk/nuttx/libs/libnuttx.a(c-dq_rem.o)
 .text.dq_rem   0x000000000d0059ea       0x1c ../../spresense-exported-sdk/nuttx/libs/libnuttx.a(c-dq_rem.o)
                0x000000000d0059ea                dq_rem
 .text          0x000000000d005a06        0x0 ../../spresense-exported-sdk/nuttx/libs/libnuttx.a(c-lib_cfgetspeed.o)
 .text.cfgetspeed
                0x000000000d005a06        0x4 ../../spresense-exported-sdk/nuttx/libs/libnuttx.a(c-lib_cfgetspeed.o)
                0x000000000d005a06                cfgetspeed
 .text          0x000000000d005a0a        0x0 ../../spresense-exported-sdk/nuttx/libs/libnuttx.a(c-lib_cfsetspeed.o)
 .text.cfsetspeed
                0x000000000d005a0a        0x6 ../../spresense-exported-sdk/nuttx/libs/libnuttx.a(c-lib_cfsetspeed.o)
                0x000000000d005a0a                cfsetspeed
 .text          0x000000000d005a10        0x0 ../../spresense-exported-sdk/nuttx/libs/libnuttx.a(c-lib_dtoa_engine.o)
 .text.__dtoa_engine
                0x000000000d005a10      0x20c ../../spresense-exported-sdk/nuttx/libs/libnuttx.a(c-lib_dtoa_engine.o)
                0x000000000d005a10                __dtoa_engine
 .text          0x000000000d005c1c        0x0 ../../spresense-exported-sdk/nuttx/libs/libnuttx.a(c-lib_fputc.o)
 .text.fputc    0x000000000d005c1c       0x3c ../../spresense-exported-sdk/nuttx/libs/libnuttx.a(c-lib_fputc.o)
                0x000000000d005c1c                fputc
 .text          0x000000000d005c58        0x0 ../../spresense-exported-sdk/nuttx/libs/libnuttx.a(c-lib_libfflush.o)
 .text.lib_fflush
                0x000000000d005c58       0x8a ../../spresense-exported-sdk/nuttx/libs/libnuttx.a(c-lib_libfflush.o)
                0x000000000d005c58                lib_fflush
 .text          0x000000000d005ce2        0x0 ../../spresense-exported-sdk/nuttx/libs/libnuttx.a(c-lib_libfwrite.o)
 .text.lib_fwrite
                0x000000000d005ce2       0xac ../../spresense-exported-sdk/nuttx/libs/libnuttx.a(c-lib_libfwrite.o)
                0x000000000d005ce2                lib_fwrite
 .text          0x000000000d005d8e        0x0 ../../spresense-exported-sdk/nuttx/libs/libnuttx.a(c-lib_libnoflush.o)
 .text.lib_noflush
                0x000000000d005d8e        0x4 ../../spresense-exported-sdk/nuttx/libs/libnuttx.a(c-lib_libnoflush.o)
                0x000000000d005d8e                lib_noflush
 .text          0x000000000d005d92        0x0 ../../spresense-exported-sdk/nuttx/libs/libnuttx.a(c-lib_memcpy.o)
 .text.memcpy   0x000000000d005d92       0x16 ../../spresense-exported-sdk/nuttx/libs/libnuttx.a(c-lib_memcpy.o)
                0x000000000d005d92                memcpy
 .text          0x000000000d005da8        0x0 ../../spresense-exported-sdk/nuttx/libs/libnuttx.a(c-lib_memmove.o)
 .text.memmove  0x000000000d005da8       0x2e ../../spresense-exported-sdk/nuttx/libs/libnuttx.a(c-lib_memmove.o)
                0x000000000d005da8                memmove
 .text          0x000000000d005dd6        0x0 ../../spresense-exported-sdk/nuttx/libs/libnuttx.a(c-lib_rdflush.o)
 .text.lib_rdflush
                0x000000000d005dd6       0x56 ../../spresense-exported-sdk/nuttx/libs/libnuttx.a(c-lib_rdflush.o)
                0x000000000d005dd6                lib_rdflush
 .text          0x000000000d005e2c        0x0 ../../spresense-exported-sdk/nuttx/libs/libnuttx.a(c-lib_snprintf.o)
 .text.snprintf
                0x000000000d005e2c       0x2e ../../spresense-exported-sdk/nuttx/libs/libnuttx.a(c-lib_snprintf.o)
                0x000000000d005e2c                snprintf
 .text          0x000000000d005e5a        0x0 ../../spresense-exported-sdk/nuttx/libs/libnuttx.a(c-lib_strcpy.o)
 .text.strcpy   0x000000000d005e5a       0x10 ../../spresense-exported-sdk/nuttx/libs/libnuttx.a(c-lib_strcpy.o)
                0x000000000d005e5a                strcpy
 .text          0x000000000d005e6a        0x0 ../../spresense-exported-sdk/nuttx/libs/libnuttx.a(c-lib_strdup.o)
 .text.strdup   0x000000000d005e6a       0x22 ../../spresense-exported-sdk/nuttx/libs/libnuttx.a(c-lib_strdup.o)
                0x000000000d005e6a                strdup
 .text          0x000000000d005e8c        0x0 ../../spresense-exported-sdk/nuttx/libs/libnuttx.a(c-lib_stream.o)
 .text.lib_stream_initialize
                0x000000000d005e8c       0x36 ../../spresense-exported-sdk/nuttx/libs/libnuttx.a(c-lib_stream.o)
                0x000000000d005e8c                lib_stream_initialize
 .text.lib_stream_release
                0x000000000d005ec2       0x30 ../../spresense-exported-sdk/nuttx/libs/libnuttx.a(c-lib_stream.o)
                0x000000000d005ec2                lib_stream_release
 .text          0x000000000d005ef2        0x0 ../../spresense-exported-sdk/nuttx/libs/libnuttx.a(c-lib_strlen.o)
 .text.strlen   0x000000000d005ef2       0x10 ../../spresense-exported-sdk/nuttx/libs/libnuttx.a(c-lib_strlen.o)
                0x000000000d005ef2                strlen
 .text          0x000000000d005f02        0x0 ../../spresense-exported-sdk/nuttx/libs/libnuttx.a(c-sem_getvalue.o)
 .text.nxsem_getvalue
                0x000000000d005f02       0x14 ../../spresense-exported-sdk/nuttx/libs/libnuttx.a(c-sem_getvalue.o)
                0x000000000d005f02                nxsem_getvalue
 .text.sem_getvalue
                0x000000000d005f16       0x1a ../../spresense-exported-sdk/nuttx/libs/libnuttx.a(c-sem_getvalue.o)
                0x000000000d005f16                sem_getvalue
 .text          0x000000000d005f30        0x0 ../../spresense-exported-sdk/nuttx/libs/libnuttx.a(c-sem_setprotocol.o)
 .text.nxsem_setprotocol
                0x000000000d005f30       0x14 ../../spresense-exported-sdk/nuttx/libs/libnuttx.a(c-sem_setprotocol.o)
                0x000000000d005f30                nxsem_setprotocol
 .text.sem_setprotocol
                0x000000000d005f44       0x1a ../../spresense-exported-sdk/nuttx/libs/libnuttx.a(c-sem_setprotocol.o)
                0x000000000d005f44                sem_setprotocol
 .text          0x000000000d005f5e        0x0 ../../spresense-exported-sdk/nuttx/libs/libnuttx.a(c-sq_addafter.o)
 .text.sq_addafter
                0x000000000d005f5e       0x1c ../../spresense-exported-sdk/nuttx/libs/libnuttx.a(c-sq_addafter.o)
                0x000000000d005f5e                sq_addafter
 .text          0x000000000d005f7a        0x0 ../../spresense-exported-sdk/nuttx/libs/libnuttx.a(c-sq_addfirst.o)
 .text.sq_addfirst
                0x000000000d005f7a        0xc ../../spresense-exported-sdk/nuttx/libs/libnuttx.a(c-sq_addfirst.o)
                0x000000000d005f7a                sq_addfirst
 .text          0x000000000d005f86        0x0 ../../spresense-exported-sdk/nuttx/libs/libnuttx.a(c-sq_addlast.o)
 .text.sq_addlast
                0x000000000d005f86       0x14 ../../spresense-exported-sdk/nuttx/libs/libnuttx.a(c-sq_addlast.o)
                0x000000000d005f86                sq_addlast
 .text          0x000000000d005f9a        0x0 ../../spresense-exported-sdk/nuttx/libs/libnuttx.a(c-sq_count.o)
 .text.sq_count
                0x000000000d005f9a        0xe ../../spresense-exported-sdk/nuttx/libs/libnuttx.a(c-sq_count.o)
                0x000000000d005f9a                sq_count
 .text          0x000000000d005fa8        0x0 ../../spresense-exported-sdk/nuttx/libs/libnuttx.a(c-sq_remafter.o)
 .text.sq_remafter
                0x000000000d005fa8       0x22 ../../spresense-exported-sdk/nuttx/libs/libnuttx.a(c-sq_remafter.o)
                0x000000000d005fa8                sq_remafter
 .text          0x000000000d005fca        0x0 ../../spresense-exported-sdk/nuttx/libs/libnuttx.a(c-sq_remfirst.o)
 .text.sq_remfirst
                0x000000000d005fca       0x14 ../../spresense-exported-sdk/nuttx/libs/libnuttx.a(c-sq_remfirst.o)
                0x000000000d005fca                sq_remfirst
 .text          0x000000000d005fde        0x0 ../../spresense-exported-sdk/nuttx/libs/libnuttx.a(c-sq_rem.o)
 .text.sq_rem   0x000000000d005fde       0x2c ../../spresense-exported-sdk/nuttx/libs/libnuttx.a(c-sq_rem.o)
                0x000000000d005fde                sq_rem
 .text          0x000000000d00600a        0x0 ../../spresense-exported-sdk/nuttx/libs/libnuttx.a(mm-mm_initialize.o)
 .text.mm_addregion
                0x000000000d00600a       0x4c ../../spresense-exported-sdk/nuttx/libs/libnuttx.a(mm-mm_initialize.o)
                0x000000000d00600a                mm_addregion
 .text.mm_initialize
                0x000000000d006056       0x42 ../../spresense-exported-sdk/nuttx/libs/libnuttx.a(mm-mm_initialize.o)
                0x000000000d006056                mm_initialize
 .text          0x000000000d006098        0x0 ../../spresense-exported-sdk/nuttx/libs/libnuttx.a(mm-mm_sem.o)
 .text.mm_seminitialize
                0x000000000d006098       0x18 ../../spresense-exported-sdk/nuttx/libs/libnuttx.a(mm-mm_sem.o)
                0x000000000d006098                mm_seminitialize
 .text.mm_trysemaphore
                0x000000000d0060b0       0x2c ../../spresense-exported-sdk/nuttx/libs/libnuttx.a(mm-mm_sem.o)
                0x000000000d0060b0                mm_trysemaphore
 .text.mm_takesemaphore
                0x000000000d0060dc       0x2a ../../spresense-exported-sdk/nuttx/libs/libnuttx.a(mm-mm_sem.o)
                0x000000000d0060dc                mm_takesemaphore
 .text.mm_givesemaphore
                0x000000000d006106       0x1a ../../spresense-exported-sdk/nuttx/libs/libnuttx.a(mm-mm_sem.o)
                0x000000000d006106                mm_givesemaphore
 .text          0x000000000d006120        0x0 ../../spresense-exported-sdk/nuttx/libs/libnuttx.a(mm-umm_free.o)
 .text.free     0x000000000d006120        0xc ../../spresense-exported-sdk/nuttx/libs/libnuttx.a(mm-umm_free.o)
                0x000000000d006120                free
 .text          0x000000000d00612c        0x0 ../../spresense-exported-sdk/nuttx/libs/libnuttx.a(mm-umm_globals.o)
 .text          0x000000000d00612c        0x0 ../../spresense-exported-sdk/nuttx/libs/libnuttx.a(mm-umm_malloc.o)
 .text.malloc   0x000000000d00612c        0xc ../../spresense-exported-sdk/nuttx/libs/libnuttx.a(mm-umm_malloc.o)
                0x000000000d00612c                malloc
 .text          0x000000000d006138        0x0 ../../spresense-exported-sdk/nuttx/libs/libnuttx.a(mm-umm_sem.o)
 .text.umm_trysemaphore
                0x000000000d006138        0xc ../../spresense-exported-sdk/nuttx/libs/libnuttx.a(mm-umm_sem.o)
                0x000000000d006138                umm_trysemaphore
 .text.umm_givesemaphore
                0x000000000d006144        0xc ../../spresense-exported-sdk/nuttx/libs/libnuttx.a(mm-umm_sem.o)
                0x000000000d006144                umm_givesemaphore
 .text          0x000000000d006150        0x0 ../../spresense-exported-sdk/nuttx/libs/libnuttx.a(mm-umm_zalloc.o)
 .text.zalloc   0x000000000d006150        0xc ../../spresense-exported-sdk/nuttx/libs/libnuttx.a(mm-umm_zalloc.o)
                0x000000000d006150                zalloc
 .text          0x000000000d00615c        0x0 ../../spresense-exported-sdk/nuttx/libs/libnuttx.a(arch-cxd56_farapistub.o)
 .text.stub     0x000000000d00615c      0x3d0 ../../spresense-exported-sdk/nuttx/libs/libnuttx.a(arch-cxd56_farapistub.o)
                0x000000000d0061b8                fw_pm_startcpu
                0x000000000d0061bc                fw_pm_stopcpu
                0x000000000d0061c0                fw_pm_sleepcpu
                0x000000000d0061c4                fw_pm_wakeupcpu
                0x000000000d0061c8                fw_pm_coldsleep
                0x000000000d0061cc                fw_pm_deepsleep
                0x000000000d0061d0                fw_pm_reboot
                0x000000000d0061d4                fw_pm_loadimage
                0x000000000d0061e4                fw_pm_pmiccontrol
                0x000000000d006248                fw_fm_rawwrite
                0x000000000d00624c                fw_fm_rawread
                0x000000000d006250                fw_fm_rawerasesector
                0x000000000d006264                fw_fm_rawverifywrite
                0x000000000d00636c                fw_as_acacontrol
                0x000000000d006390                fw_pd_pinconfigs
                0x000000000d0063b4                fw_pd_uartinit
                0x000000000d0063b8                fw_pd_uartuninit
                0x000000000d0063bc                fw_pd_uartconfiguration
                0x000000000d0063c0                fw_pd_uartenable
                0x000000000d0063c4                fw_pd_uartdisable
                0x000000000d0063c8                fw_pd_uartreceive
                0x000000000d0063cc                fw_pd_uartsend
                0x000000000d0063f0                fw_um_init
                0x000000000d0063f4                fw_um_open
                0x000000000d0063f8                fw_um_commit
                0x000000000d0063fc                fw_um_close
                0x000000000d006400                fw_um_checkpoint
                0x000000000d006404                fw_um_doupdatesequence
                0x000000000d006408                fw_um_abort
                0x000000000d00642c                fw_gd_start
                0x000000000d006430                fw_gd_stop
                0x000000000d006434                fw_gd_selectsatellitesystem
                0x000000000d006438                fw_gd_getsatellitesystem
                0x000000000d00643c                fw_gd_setreceiverpositionellipsoidal
                0x000000000d006440                fw_gd_setreceiverpositionorthogonal
                0x000000000d006444                fw_gd_setoperationmode
                0x000000000d006448                fw_gd_getoperationmode
                0x000000000d00644c                fw_gd_settcxooffset
                0x000000000d006450                fw_gd_gettcxooffset
                0x000000000d006454                fw_gd_settime
                0x000000000d006458                fw_gd_getalmanac
                0x000000000d00645c                fw_gd_setalmanac
                0x000000000d006460                fw_gd_getephemeris
                0x000000000d006464                fw_gd_setephemeris
                0x000000000d006468                fw_gd_getvarephemeris
                0x000000000d00646c                fw_gd_setvarephemeris
                0x000000000d006470                fw_gd_startgpstest
                0x000000000d006474                fw_gd_stopgpstest
                0x000000000d006478                fw_gd_getgpstestresult
                0x000000000d00647c                fw_gd_savebackupdata
                0x000000000d006480                fw_gd_erasebackup
                0x000000000d006484                fw_gd_cepsetassistdata
                0x000000000d006488                fw_gd_ceperaseassistdata
                0x000000000d00648c                fw_gd_cepcheckassistdata
                0x000000000d006490                fw_gd_cepgetagedata
                0x000000000d006494                fw_gd_cepinitassistdata
                0x000000000d006498                fw_gd_setacquist
                0x000000000d00649c                fw_gd_setframetime
                0x000000000d0064a0                fw_gd_settaugps
                0x000000000d0064a4                fw_gd_settimegps
                0x000000000d0064a8                fw_gd_clearreceiverinfo
                0x000000000d0064ac                fw_gd_settowassist
                0x000000000d0064b0                fw_gd_setutcmodel
                0x000000000d0064b4                fw_gd_spectrumcontrol
                0x000000000d0064b8                fw_gd_readbuffer
                0x000000000d0064bc                fw_gd_writebuffer
                0x000000000d0064c0                fw_gd_setnotifymask
                0x000000000d0064c4                fw_gd_geoaddregion
                0x000000000d0064c8                fw_gd_geomodifyregion
                0x000000000d0064cc                fw_gd_geodeleteregione
                0x000000000d0064d0                fw_gd_geodeleteallregion
                0x000000000d0064d4                fw_gd_geogetregiondata
                0x000000000d0064d8                fw_gd_geogetusedregionid
                0x000000000d0064dc                fw_gd_geosetopmode
                0x000000000d0064e0                fw_gd_geosetallrgionnotifyrequest
                0x000000000d0064e4                fw_gd_registergeofence
                0x000000000d0064e8                fw_gd_releasegeofence
                0x000000000d0064ec                fw_gd_registerpvtlog
                0x000000000d0064f0                fw_gd_releasepvtlog
                0x000000000d0064f4                fw_gd_pvtlogdeletelog
                0x000000000d0064f8                fw_gd_pvtloggetlogstatus
                0x000000000d0064fc                fw_gd_rtkstart
                0x000000000d006500                fw_gd_rtkstop
                0x000000000d006504                fw_gd_rtksetoutputinterval
                0x000000000d006508                fw_gd_rtkgetoutputinterval
                0x000000000d00650c                fw_gd_rtksetgnss
                0x000000000d006510                fw_gd_rtkgetgnss
                0x000000000d006514                fw_gd_rtksetephnotify
                0x000000000d006518                fw_gd_rtkgetephnotify
                0x000000000d00651c                fw_gd_setusecase
                0x000000000d006520                fw_gd_getusecase
                0x000000000d006524                fw_gd_set1ppsoutput
                0x000000000d006528                fw_gd_get1ppsoutput
 .text          0x000000000d00652c        0x0 ../../spresense-exported-sdk/nuttx/libs/libnuttx.a(arch-cxd56_icc.o)
 .text.icc_sighandler
                0x000000000d00652c       0x28 ../../spresense-exported-sdk/nuttx/libs/libnuttx.a(arch-cxd56_icc.o)
 .text.icc_msghandler
                0x000000000d006554        0x6 ../../spresense-exported-sdk/nuttx/libs/libnuttx.a(arch-cxd56_icc.o)
 .text.icc_rxtimeout
                0x000000000d00655a       0x14 ../../spresense-exported-sdk/nuttx/libs/libnuttx.a(arch-cxd56_icc.o)
 .text.icc_devnew
                0x000000000d00656e       0x5e ../../spresense-exported-sdk/nuttx/libs/libnuttx.a(arch-cxd56_icc.o)
 .text.icc_irqhandler
                0x000000000d0065cc       0x94 ../../spresense-exported-sdk/nuttx/libs/libnuttx.a(arch-cxd56_icc.o)
 .text.icc_recv
                0x000000000d006660       0xa4 ../../spresense-exported-sdk/nuttx/libs/libnuttx.a(arch-cxd56_icc.o)
 .text.cxd56_iccregisterhandler
                0x000000000d006704       0x30 ../../spresense-exported-sdk/nuttx/libs/libnuttx.a(arch-cxd56_icc.o)
                0x000000000d006704                cxd56_iccregisterhandler
 .text.cxd56_iccregistersighandler
                0x000000000d006734       0x30 ../../spresense-exported-sdk/nuttx/libs/libnuttx.a(arch-cxd56_icc.o)
                0x000000000d006734                cxd56_iccregistersighandler
 .text.cxd56_iccsend
                0x000000000d006764       0x48 ../../spresense-exported-sdk/nuttx/libs/libnuttx.a(arch-cxd56_icc.o)
                0x000000000d006764                cxd56_iccsend
 .text.cxd56_iccsendmsg
                0x000000000d0067ac        0xa ../../spresense-exported-sdk/nuttx/libs/libnuttx.a(arch-cxd56_icc.o)
                0x000000000d0067ac                cxd56_iccsendmsg
 *fill*         0x000000000d0067b6        0x2 
 .text.cxd56_iccrecv
                0x000000000d0067b8       0x1c ../../spresense-exported-sdk/nuttx/libs/libnuttx.a(arch-cxd56_icc.o)
                0x000000000d0067b8                cxd56_iccrecv
 .text.cxd56_iccrecvmsg
                0x000000000d0067d4       0x28 ../../spresense-exported-sdk/nuttx/libs/libnuttx.a(arch-cxd56_icc.o)
                0x000000000d0067d4                cxd56_iccrecvmsg
 .text.cxd56_iccsignal